INFO:    Environment variable SINGULARITY_DISABLE_CACHE is set, but APPTAINER_DISABLE_CACHE is preferred
Resolved 132 packages in 36ms
Audited 124 packages in 383ms
run_start config=/workspace/shared/config_realistic.yml days=365 hospitals=15 susceptible=9800 seed_carriers=200 micro_steps_per_day=12 micro_workers=300 seed=42
day=001 susceptible=9793 carriers=0232 avg_resistant_fraction=0.3006
day=002 susceptible=9747 carriers=0276 avg_resistant_fraction=0.2075
day=003 susceptible=9637 carriers=0315 avg_resistant_fraction=0.1616
day=004 susceptible=9342 carriers=0361 avg_resistant_fraction=0.1162
day=005 susceptible=8749 carriers=0409 avg_resistant_fraction=0.0774
day=006 susceptible=7940 carriers=0467 avg_resistant_fraction=0.0606
day=007 susceptible=6999 carriers=0514 avg_resistant_fraction=0.0572
day=008 susceptible=5949 carriers=0577 avg_resistant_fraction=0.0592
day=009 susceptible=4919 carriers=0658 avg_resistant_fraction=0.0451
day=010 susceptible=4032 carriers=0736 avg_resistant_fraction=0.0373
day=011 susceptible=3362 carriers=0792 avg_resistant_fraction=0.0317
day=012 susceptible=2735 carriers=0860 avg_resistant_fraction=0.0300
day=013 susceptible=2231 carriers=0926 avg_resistant_fraction=0.0262
day=014 susceptible=1849 carriers=0997 avg_resistant_fraction=0.0232
day=015 susceptible=1526 carriers=1055 avg_resistant_fraction=0.0215
day=016 susceptible=1301 carriers=1092 avg_resistant_fraction=0.0183
day=017 susceptible=1148 carriers=1098 avg_resistant_fraction=0.0173
day=018 susceptible=1008 carriers=1122 avg_resistant_fraction=0.0154
day=019 susceptible=0920 carriers=1126 avg_resistant_fraction=0.0153
day=020 susceptible=0847 carriers=1123 avg_resistant_fraction=0.0144
day=021 susceptible=0816 carriers=1106 avg_resistant_fraction=0.0130
day=022 susceptible=0766 carriers=1100 avg_resistant_fraction=0.0126
day=023 susceptible=0713 carriers=1098 avg_resistant_fraction=0.0102
day=024 susceptible=0703 carriers=1073 avg_resistant_fraction=0.0064
day=025 susceptible=0700 carriers=1055 avg_resistant_fraction=0.0065
day=026 susceptible=0693 carriers=1043 avg_resistant_fraction=0.0072
day=027 susceptible=0682 carriers=1030 avg_resistant_fraction=0.0069
day=028 susceptible=0668 carriers=1015 avg_resistant_fraction=0.0065
day=029 susceptible=0683 carriers=0982 avg_resistant_fraction=0.0071
day=030 susceptible=0704 carriers=0950 avg_resistant_fraction=0.0057
day=031 susceptible=0690 carriers=0933 avg_resistant_fraction=0.0059
day=032 susceptible=0688 carriers=0903 avg_resistant_fraction=0.0035
day=033 susceptible=0669 carriers=0887 avg_resistant_fraction=0.0050
day=034 susceptible=0645 carriers=0887 avg_resistant_fraction=0.0058
day=035 susceptible=0615 carriers=0891 avg_resistant_fraction=0.0060
day=036 susceptible=0618 carriers=0877 avg_resistant_fraction=0.0064
day=037 susceptible=0614 carriers=0862 avg_resistant_fraction=0.0048
day=038 susceptible=0598 carriers=0861 avg_resistant_fraction=0.0040
day=039 susceptible=0590 carriers=0846 avg_resistant_fraction=0.0039
day=040 susceptible=0608 carriers=0817 avg_resistant_fraction=0.0040
day=041 susceptible=0610 carriers=0800 avg_resistant_fraction=0.0040
day=042 susceptible=0618 carriers=0789 avg_resistant_fraction=0.0048
day=043 susceptible=0629 carriers=0773 avg_resistant_fraction=0.0056
day=044 susceptible=0627 carriers=0766 avg_resistant_fraction=0.0035
day=045 susceptible=0607 carriers=0749 avg_resistant_fraction=0.0038
day=046 susceptible=0615 carriers=0741 avg_resistant_fraction=0.0035
day=047 susceptible=0614 carriers=0727 avg_resistant_fraction=0.0045
day=048 susceptible=0605 carriers=0709 avg_resistant_fraction=0.0027
day=049 susceptible=0590 carriers=0697 avg_resistant_fraction=0.0027
day=050 susceptible=0580 carriers=0695 avg_resistant_fraction=0.0015
day=051 susceptible=0583 carriers=0688 avg_resistant_fraction=0.0017
day=052 susceptible=0573 carriers=0680 avg_resistant_fraction=0.0019
day=053 susceptible=0587 carriers=0673 avg_resistant_fraction=0.0019
day=054 susceptible=0578 carriers=0664 avg_resistant_fraction=0.0017
day=055 susceptible=0550 carriers=0671 avg_resistant_fraction=0.0020
day=056 susceptible=0561 carriers=0647 avg_resistant_fraction=0.0015
day=057 susceptible=0565 carriers=0643 avg_resistant_fraction=0.0019
day=058 susceptible=0562 carriers=0633 avg_resistant_fraction=0.0019
day=059 susceptible=0560 carriers=0627 avg_resistant_fraction=0.0025
day=060 susceptible=0564 carriers=0621 avg_resistant_fraction=0.0023
day=061 susceptible=0556 carriers=0616 avg_resistant_fraction=0.0022
day=062 susceptible=0562 carriers=0602 avg_resistant_fraction=0.0017
day=063 susceptible=0568 carriers=0591 avg_resistant_fraction=0.0022
day=064 susceptible=0574 carriers=0583 avg_resistant_fraction=0.0020
day=065 susceptible=0566 carriers=0589 avg_resistant_fraction=0.0009
day=066 susceptible=0579 carriers=0562 avg_resistant_fraction=0.0004
day=067 susceptible=0572 carriers=0553 avg_resistant_fraction=0.0008
day=068 susceptible=0577 carriers=0541 avg_resistant_fraction=0.0001
day=069 susceptible=0556 carriers=0544 avg_resistant_fraction=0.0007
day=070 susceptible=0561 carriers=0546 avg_resistant_fraction=0.0016
day=071 susceptible=0544 carriers=0550 avg_resistant_fraction=0.0002
day=072 susceptible=0544 carriers=0543 avg_resistant_fraction=0.0007
day=073 susceptible=0535 carriers=0547 avg_resistant_fraction=0.0003
day=074 susceptible=0492 carriers=0555 avg_resistant_fraction=0.0005
day=075 susceptible=0485 carriers=0545 avg_resistant_fraction=0.0006
day=076 susceptible=0471 carriers=0539 avg_resistant_fraction=0.0001
day=077 susceptible=0486 carriers=0530 avg_resistant_fraction=0.0002
day=078 susceptible=0505 carriers=0519 avg_resistant_fraction=0.0003
day=079 susceptible=0507 carriers=0515 avg_resistant_fraction=0.0002
day=080 susceptible=0512 carriers=0513 avg_resistant_fraction=0.0002
day=081 susceptible=0509 carriers=0509 avg_resistant_fraction=0.0001
day=082 susceptible=0511 carriers=0498 avg_resistant_fraction=0.0006
day=083 susceptible=0512 carriers=0508 avg_resistant_fraction=0.0005
day=084 susceptible=0515 carriers=0500 avg_resistant_fraction=0.0005
day=085 susceptible=0505 carriers=0503 avg_resistant_fraction=0.0012
day=086 susceptible=0511 carriers=0511 avg_resistant_fraction=0.0007
day=087 susceptible=0519 carriers=0507 avg_resistant_fraction=0.0004
day=088 susceptible=0497 carriers=0520 avg_resistant_fraction=0.0005
day=089 susceptible=0495 carriers=0519 avg_resistant_fraction=0.0011
day=090 susceptible=0497 carriers=0503 avg_resistant_fraction=0.0003
day=091 susceptible=0497 carriers=0494 avg_resistant_fraction=0.0001
day=092 susceptible=0487 carriers=0499 avg_resistant_fraction=0.0006
day=093 susceptible=0496 carriers=0491 avg_resistant_fraction=0.0002
day=094 susceptible=0487 carriers=0488 avg_resistant_fraction=0.0006
day=095 susceptible=0489 carriers=0490 avg_resistant_fraction=0.0003
day=096 susceptible=0491 carriers=0491 avg_resistant_fraction=0.0010
day=097 susceptible=0475 carriers=0503 avg_resistant_fraction=0.0006
day=098 susceptible=0480 carriers=0497 avg_resistant_fraction=0.0006
day=099 susceptible=0489 carriers=0487 avg_resistant_fraction=0.0002
day=100 susceptible=0515 carriers=0472 avg_resistant_fraction=0.0003
day=101 susceptible=0525 carriers=0460 avg_resistant_fraction=0.0000
day=102 susceptible=0526 carriers=0454 avg_resistant_fraction=0.0002
day=103 susceptible=0534 carriers=0448 avg_resistant_fraction=0.0003
day=104 susceptible=0522 carriers=0454 avg_resistant_fraction=0.0005
day=105 susceptible=0511 carriers=0459 avg_resistant_fraction=0.0003
day=106 susceptible=0500 carriers=0461 avg_resistant_fraction=0.0005
day=107 susceptible=0497 carriers=0463 avg_resistant_fraction=0.0004
day=108 susceptible=0474 carriers=0470 avg_resistant_fraction=0.0005
day=109 susceptible=0469 carriers=0466 avg_resistant_fraction=0.0004
day=110 susceptible=0472 carriers=0464 avg_resistant_fraction=0.0006
day=111 susceptible=0459 carriers=0466 avg_resistant_fraction=0.0002
day=112 susceptible=0467 carriers=0465 avg_resistant_fraction=0.0008
day=113 susceptible=0470 carriers=0470 avg_resistant_fraction=0.0003
day=114 susceptible=0485 carriers=0458 avg_resistant_fraction=0.0005
day=115 susceptible=0484 carriers=0453 avg_resistant_fraction=0.0002
day=116 susceptible=0471 carriers=0459 avg_resistant_fraction=0.0006
day=117 susceptible=0463 carriers=0458 avg_resistant_fraction=0.0009
day=118 susceptible=0465 carriers=0460 avg_resistant_fraction=0.0007
day=119 susceptible=0465 carriers=0455 avg_resistant_fraction=0.0004
day=120 susceptible=0460 carriers=0455 avg_resistant_fraction=0.0001
day=121 susceptible=0460 carriers=0449 avg_resistant_fraction=0.0004
day=122 susceptible=0463 carriers=0448 avg_resistant_fraction=0.0005
day=123 susceptible=0465 carriers=0444 avg_resistant_fraction=0.0006
day=124 susceptible=0478 carriers=0430 avg_resistant_fraction=0.0004
day=125 susceptible=0456 carriers=0441 avg_resistant_fraction=0.0007
day=126 susceptible=0437 carriers=0448 avg_resistant_fraction=0.0003
day=127 susceptible=0451 carriers=0445 avg_resistant_fraction=0.0003
day=128 susceptible=0443 carriers=0450 avg_resistant_fraction=0.0002
day=129 susceptible=0451 carriers=0437 avg_resistant_fraction=0.0002
day=130 susceptible=0462 carriers=0433 avg_resistant_fraction=0.0005
day=131 susceptible=0470 carriers=0431 avg_resistant_fraction=0.0009
day=132 susceptible=0484 carriers=0418 avg_resistant_fraction=0.0001
day=133 susceptible=0495 carriers=0413 avg_resistant_fraction=0.0005
day=134 susceptible=0500 carriers=0408 avg_resistant_fraction=0.0005
day=135 susceptible=0487 carriers=0415 avg_resistant_fraction=0.0010
day=136 susceptible=0493 carriers=0413 avg_resistant_fraction=0.0005
day=137 susceptible=0481 carriers=0418 avg_resistant_fraction=0.0009
day=138 susceptible=0470 carriers=0412 avg_resistant_fraction=0.0000
day=139 susceptible=0477 carriers=0406 avg_resistant_fraction=0.0006
day=140 susceptible=0480 carriers=0403 avg_resistant_fraction=0.0004
day=141 susceptible=0482 carriers=0399 avg_resistant_fraction=0.0006
day=142 susceptible=0488 carriers=0392 avg_resistant_fraction=0.0000
day=143 susceptible=0481 carriers=0391 avg_resistant_fraction=0.0001
day=144 susceptible=0463 carriers=0406 avg_resistant_fraction=0.0007
day=145 susceptible=0465 carriers=0407 avg_resistant_fraction=0.0003
day=146 susceptible=0453 carriers=0410 avg_resistant_fraction=0.0003
day=147 susceptible=0450 carriers=0408 avg_resistant_fraction=0.0008
day=148 susceptible=0463 carriers=0406 avg_resistant_fraction=0.0004
day=149 susceptible=0458 carriers=0404 avg_resistant_fraction=0.0008
day=150 susceptible=0482 carriers=0389 avg_resistant_fraction=0.0004
day=151 susceptible=0475 carriers=0399 avg_resistant_fraction=0.0008
day=152 susceptible=0473 carriers=0401 avg_resistant_fraction=0.0006
day=153 susceptible=0468 carriers=0402 avg_resistant_fraction=0.0004
day=154 susceptible=0480 carriers=0402 avg_resistant_fraction=0.0007
day=155 susceptible=0466 carriers=0399 avg_resistant_fraction=0.0008
day=156 susceptible=0464 carriers=0399 avg_resistant_fraction=0.0004
day=157 susceptible=0471 carriers=0393 avg_resistant_fraction=0.0000
day=158 susceptible=0470 carriers=0402 avg_resistant_fraction=0.0005
day=159 susceptible=0466 carriers=0402 avg_resistant_fraction=0.0004
day=160 susceptible=0473 carriers=0400 avg_resistant_fraction=0.0005
day=161 susceptible=0475 carriers=0406 avg_resistant_fraction=0.0003
day=162 susceptible=0494 carriers=0396 avg_resistant_fraction=0.0007
day=163 susceptible=0483 carriers=0407 avg_resistant_fraction=0.0007
day=164 susceptible=0489 carriers=0400 avg_resistant_fraction=0.0005
day=165 susceptible=0491 carriers=0398 avg_resistant_fraction=0.0006
day=166 susceptible=0470 carriers=0401 avg_resistant_fraction=0.0006
day=167 susceptible=0464 carriers=0402 avg_resistant_fraction=0.0009
day=168 susceptible=0456 carriers=0403 avg_resistant_fraction=0.0004
day=169 susceptible=0451 carriers=0401 avg_resistant_fraction=0.0007
day=170 susceptible=0464 carriers=0400 avg_resistant_fraction=0.0007
day=171 susceptible=0466 carriers=0395 avg_resistant_fraction=0.0004
day=172 susceptible=0465 carriers=0390 avg_resistant_fraction=0.0008
day=173 susceptible=0468 carriers=0395 avg_resistant_fraction=0.0002
day=174 susceptible=0475 carriers=0399 avg_resistant_fraction=0.0007
day=175 susceptible=0468 carriers=0396 avg_resistant_fraction=0.0001
day=176 susceptible=0482 carriers=0383 avg_resistant_fraction=0.0005
day=177 susceptible=0476 carriers=0388 avg_resistant_fraction=0.0007
day=178 susceptible=0480 carriers=0390 avg_resistant_fraction=0.0007
day=179 susceptible=0480 carriers=0388 avg_resistant_fraction=0.0000
day=180 susceptible=0475 carriers=0391 avg_resistant_fraction=0.0003
day=181 susceptible=0475 carriers=0385 avg_resistant_fraction=0.0007
day=182 susceptible=0465 carriers=0387 avg_resistant_fraction=0.0006
day=183 susceptible=0467 carriers=0389 avg_resistant_fraction=0.0003
day=184 susceptible=0455 carriers=0388 avg_resistant_fraction=0.0003
day=185 susceptible=0448 carriers=0378 avg_resistant_fraction=0.0005
day=186 susceptible=0453 carriers=0371 avg_resistant_fraction=0.0008
day=187 susceptible=0452 carriers=0375 avg_resistant_fraction=0.0003
day=188 susceptible=0459 carriers=0361 avg_resistant_fraction=0.0006
day=189 susceptible=0464 carriers=0366 avg_resistant_fraction=0.0007
day=190 susceptible=0464 carriers=0370 avg_resistant_fraction=0.0005
day=191 susceptible=0466 carriers=0372 avg_resistant_fraction=0.0007
day=192 susceptible=0469 carriers=0374 avg_resistant_fraction=0.0007
day=193 susceptible=0470 carriers=0370 avg_resistant_fraction=0.0002
day=194 susceptible=0457 carriers=0371 avg_resistant_fraction=0.0003
day=195 susceptible=0440 carriers=0382 avg_resistant_fraction=0.0002
day=196 susceptible=0434 carriers=0379 avg_resistant_fraction=0.0007
day=197 susceptible=0435 carriers=0384 avg_resistant_fraction=0.0003
day=198 susceptible=0451 carriers=0371 avg_resistant_fraction=0.0006
day=199 susceptible=0469 carriers=0362 avg_resistant_fraction=0.0005
day=200 susceptible=0465 carriers=0367 avg_resistant_fraction=0.0007
day=201 susceptible=0463 carriers=0368 avg_resistant_fraction=0.0007
day=202 susceptible=0458 carriers=0373 avg_resistant_fraction=0.0001
day=203 susceptible=0483 carriers=0362 avg_resistant_fraction=0.0003
day=204 susceptible=0484 carriers=0358 avg_resistant_fraction=0.0004
day=205 susceptible=0487 carriers=0358 avg_resistant_fraction=0.0003
day=206 susceptible=0484 carriers=0358 avg_resistant_fraction=0.0010
day=207 susceptible=0484 carriers=0362 avg_resistant_fraction=0.0005
day=208 susceptible=0484 carriers=0368 avg_resistant_fraction=0.0003
day=209 susceptible=0476 carriers=0369 avg_resistant_fraction=0.0003
day=210 susceptible=0478 carriers=0354 avg_resistant_fraction=0.0000
day=211 susceptible=0470 carriers=0356 avg_resistant_fraction=0.0000
day=212 susceptible=0459 carriers=0359 avg_resistant_fraction=0.0004
day=213 susceptible=0457 carriers=0357 avg_resistant_fraction=0.0004
day=214 susceptible=0454 carriers=0354 avg_resistant_fraction=0.0005
day=215 susceptible=0461 carriers=0353 avg_resistant_fraction=0.0006
day=216 susceptible=0479 carriers=0344 avg_resistant_fraction=0.0004
day=217 susceptible=0490 carriers=0335 avg_resistant_fraction=0.0006
day=218 susceptible=0475 carriers=0341 avg_resistant_fraction=0.0010
day=219 susceptible=0471 carriers=0344 avg_resistant_fraction=0.0007
day=220 susceptible=0463 carriers=0352 avg_resistant_fraction=0.0010
day=221 susceptible=0459 carriers=0364 avg_resistant_fraction=0.0002
day=222 susceptible=0463 carriers=0357 avg_resistant_fraction=0.0001
day=223 susceptible=0463 carriers=0361 avg_resistant_fraction=0.0006
day=224 susceptible=0464 carriers=0357 avg_resistant_fraction=0.0007
day=225 susceptible=0465 carriers=0356 avg_resistant_fraction=0.0002
day=226 susceptible=0458 carriers=0355 avg_resistant_fraction=0.0001
day=227 susceptible=0451 carriers=0358 avg_resistant_fraction=0.0001
day=228 susceptible=0436 carriers=0371 avg_resistant_fraction=0.0007
day=229 susceptible=0437 carriers=0367 avg_resistant_fraction=0.0007
day=230 susceptible=0461 carriers=0351 avg_resistant_fraction=0.0004
day=231 susceptible=0463 carriers=0347 avg_resistant_fraction=0.0007
day=232 susceptible=0474 carriers=0350 avg_resistant_fraction=0.0003
day=233 susceptible=0478 carriers=0354 avg_resistant_fraction=0.0004
day=234 susceptible=0473 carriers=0355 avg_resistant_fraction=0.0011
day=235 susceptible=0472 carriers=0356 avg_resistant_fraction=0.0004
day=236 susceptible=0462 carriers=0356 avg_resistant_fraction=0.0005
day=237 susceptible=0458 carriers=0358 avg_resistant_fraction=0.0005
day=238 susceptible=0442 carriers=0366 avg_resistant_fraction=0.0010
day=239 susceptible=0433 carriers=0362 avg_resistant_fraction=0.0005
day=240 susceptible=0427 carriers=0354 avg_resistant_fraction=0.0005
day=241 susceptible=0437 carriers=0361 avg_resistant_fraction=0.0002
day=242 susceptible=0451 carriers=0356 avg_resistant_fraction=0.0003
day=243 susceptible=0455 carriers=0356 avg_resistant_fraction=0.0010
day=244 susceptible=0466 carriers=0348 avg_resistant_fraction=0.0004
day=245 susceptible=0469 carriers=0345 avg_resistant_fraction=0.0007
day=246 susceptible=0458 carriers=0355 avg_resistant_fraction=0.0003
day=247 susceptible=0452 carriers=0354 avg_resistant_fraction=0.0003
day=248 susceptible=0460 carriers=0348 avg_resistant_fraction=0.0004
day=249 susceptible=0445 carriers=0352 avg_resistant_fraction=0.0001
day=250 susceptible=0448 carriers=0347 avg_resistant_fraction=0.0001
day=251 susceptible=0441 carriers=0351 avg_resistant_fraction=0.0001
day=252 susceptible=0447 carriers=0348 avg_resistant_fraction=0.0004
day=253 susceptible=0436 carriers=0352 avg_resistant_fraction=0.0008
day=254 susceptible=0459 carriers=0340 avg_resistant_fraction=0.0002
day=255 susceptible=0463 carriers=0340 avg_resistant_fraction=0.0009
day=256 susceptible=0467 carriers=0344 avg_resistant_fraction=0.0006
day=257 susceptible=0461 carriers=0349 avg_resistant_fraction=0.0003
day=258 susceptible=0453 carriers=0353 avg_resistant_fraction=0.0018
day=259 susceptible=0453 carriers=0352 avg_resistant_fraction=0.0006
day=260 susceptible=0450 carriers=0357 avg_resistant_fraction=0.0014
day=261 susceptible=0451 carriers=0356 avg_resistant_fraction=0.0006
day=262 susceptible=0452 carriers=0345 avg_resistant_fraction=0.0012
day=263 susceptible=0468 carriers=0342 avg_resistant_fraction=0.0002
day=264 susceptible=0457 carriers=0351 avg_resistant_fraction=0.0008
day=265 susceptible=0462 carriers=0352 avg_resistant_fraction=0.0002
day=266 susceptible=0459 carriers=0343 avg_resistant_fraction=0.0004
day=267 susceptible=0461 carriers=0346 avg_resistant_fraction=0.0010
day=268 susceptible=0447 carriers=0358 avg_resistant_fraction=0.0009
day=269 susceptible=0458 carriers=0358 avg_resistant_fraction=0.0002
day=270 susceptible=0463 carriers=0356 avg_resistant_fraction=0.0007
day=271 susceptible=0471 carriers=0355 avg_resistant_fraction=0.0005
day=272 susceptible=0471 carriers=0359 avg_resistant_fraction=0.0003
day=273 susceptible=0489 carriers=0353 avg_resistant_fraction=0.0000
day=274 susceptible=0495 carriers=0351 avg_resistant_fraction=0.0005
day=275 susceptible=0488 carriers=0348 avg_resistant_fraction=0.0008
day=276 susceptible=0490 carriers=0347 avg_resistant_fraction=0.0006
day=277 susceptible=0495 carriers=0343 avg_resistant_fraction=0.0010
day=278 susceptible=0488 carriers=0350 avg_resistant_fraction=0.0012
day=279 susceptible=0489 carriers=0352 avg_resistant_fraction=0.0003
day=280 susceptible=0488 carriers=0355 avg_resistant_fraction=0.0012
day=281 susceptible=0482 carriers=0352 avg_resistant_fraction=0.0004
day=282 susceptible=0487 carriers=0339 avg_resistant_fraction=0.0003
day=283 susceptible=0497 carriers=0338 avg_resistant_fraction=0.0001
day=284 susceptible=0493 carriers=0336 avg_resistant_fraction=0.0001
day=285 susceptible=0490 carriers=0341 avg_resistant_fraction=0.0005
day=286 susceptible=0490 carriers=0344 avg_resistant_fraction=0.0001
day=287 susceptible=0496 carriers=0340 avg_resistant_fraction=0.0006
day=288 susceptible=0492 carriers=0337 avg_resistant_fraction=0.0004
day=289 susceptible=0465 carriers=0347 avg_resistant_fraction=0.0004
day=290 susceptible=0472 carriers=0352 avg_resistant_fraction=0.0006
day=291 susceptible=0463 carriers=0354 avg_resistant_fraction=0.0005
day=292 susceptible=0454 carriers=0354 avg_resistant_fraction=0.0005
day=293 susceptible=0453 carriers=0347 avg_resistant_fraction=0.0007
day=294 susceptible=0458 carriers=0340 avg_resistant_fraction=0.0007
day=295 susceptible=0456 carriers=0340 avg_resistant_fraction=0.0005
day=296 susceptible=0453 carriers=0339 avg_resistant_fraction=0.0003
day=297 susceptible=0449 carriers=0352 avg_resistant_fraction=0.0004
day=298 susceptible=0474 carriers=0349 avg_resistant_fraction=0.0009
day=299 susceptible=0468 carriers=0351 avg_resistant_fraction=0.0001
day=300 susceptible=0466 carriers=0348 avg_resistant_fraction=0.0003
day=301 susceptible=0458 carriers=0345 avg_resistant_fraction=0.0011
day=302 susceptible=0446 carriers=0350 avg_resistant_fraction=0.0002
day=303 susceptible=0439 carriers=0348 avg_resistant_fraction=0.0001
day=304 susceptible=0438 carriers=0346 avg_resistant_fraction=0.0011
day=305 susceptible=0438 carriers=0349 avg_resistant_fraction=0.0001
day=306 susceptible=0444 carriers=0354 avg_resistant_fraction=0.0005
day=307 susceptible=0451 carriers=0352 avg_resistant_fraction=0.0005
day=308 susceptible=0462 carriers=0345 avg_resistant_fraction=0.0012
day=309 susceptible=0455 carriers=0339 avg_resistant_fraction=0.0004
day=310 susceptible=0464 carriers=0334 avg_resistant_fraction=0.0003
day=311 susceptible=0454 carriers=0341 avg_resistant_fraction=0.0000
day=312 susceptible=0475 carriers=0332 avg_resistant_fraction=0.0008
day=313 susceptible=0475 carriers=0332 avg_resistant_fraction=0.0007
day=314 susceptible=0474 carriers=0333 avg_resistant_fraction=0.0000
day=315 susceptible=0477 carriers=0321 avg_resistant_fraction=0.0003
day=316 susceptible=0479 carriers=0313 avg_resistant_fraction=0.0005
day=317 susceptible=0482 carriers=0304 avg_resistant_fraction=0.0002
day=318 susceptible=0484 carriers=0308 avg_resistant_fraction=0.0012
day=319 susceptible=0478 carriers=0307 avg_resistant_fraction=0.0010
day=320 susceptible=0470 carriers=0312 avg_resistant_fraction=0.0002
day=321 susceptible=0462 carriers=0321 avg_resistant_fraction=0.0008
day=322 susceptible=0458 carriers=0318 avg_resistant_fraction=0.0010
day=323 susceptible=0436 carriers=0325 avg_resistant_fraction=0.0002
day=324 susceptible=0436 carriers=0314 avg_resistant_fraction=0.0002
day=325 susceptible=0438 carriers=0313 avg_resistant_fraction=0.0007
day=326 susceptible=0436 carriers=0315 avg_resistant_fraction=0.0009
day=327 susceptible=0427 carriers=0322 avg_resistant_fraction=0.0007
day=328 susceptible=0434 carriers=0313 avg_resistant_fraction=0.0006
day=329 susceptible=0436 carriers=0306 avg_resistant_fraction=0.0004
day=330 susceptible=0446 carriers=0299 avg_resistant_fraction=0.0000
day=331 susceptible=0465 carriers=0291 avg_resistant_fraction=0.0005
day=332 susceptible=0466 carriers=0287 avg_resistant_fraction=0.0007
day=333 susceptible=0471 carriers=0290 avg_resistant_fraction=0.0005
day=334 susceptible=0469 carriers=0292 avg_resistant_fraction=0.0004
day=335 susceptible=0474 carriers=0296 avg_resistant_fraction=0.0007
day=336 susceptible=0480 carriers=0298 avg_resistant_fraction=0.0002
day=337 susceptible=0503 carriers=0297 avg_resistant_fraction=0.0008
day=338 susceptible=0492 carriers=0302 avg_resistant_fraction=0.0007
day=339 susceptible=0491 carriers=0300 avg_resistant_fraction=0.0006
day=340 susceptible=0475 carriers=0296 avg_resistant_fraction=0.0010
day=341 susceptible=0465 carriers=0308 avg_resistant_fraction=0.0003
day=342 susceptible=0452 carriers=0315 avg_resistant_fraction=0.0004
day=343 susceptible=0447 carriers=0311 avg_resistant_fraction=0.0004
day=344 susceptible=0445 carriers=0315 avg_resistant_fraction=0.0002
day=345 susceptible=0435 carriers=0326 avg_resistant_fraction=0.0000
day=346 susceptible=0456 carriers=0322 avg_resistant_fraction=0.0009
day=347 susceptible=0443 carriers=0321 avg_resistant_fraction=0.0002
day=348 susceptible=0442 carriers=0322 avg_resistant_fraction=0.0004
day=349 susceptible=0449 carriers=0320 avg_resistant_fraction=0.0007
day=350 susceptible=0439 carriers=0322 avg_resistant_fraction=0.0011
day=351 susceptible=0434 carriers=0330 avg_resistant_fraction=0.0007
day=352 susceptible=0455 carriers=0329 avg_resistant_fraction=0.0020
day=353 susceptible=0470 carriers=0322 avg_resistant_fraction=0.0002
day=354 susceptible=0473 carriers=0327 avg_resistant_fraction=0.0009
day=355 susceptible=0477 carriers=0318 avg_resistant_fraction=0.0012
day=356 susceptible=0486 carriers=0323 avg_resistant_fraction=0.0002
day=357 susceptible=0485 carriers=0318 avg_resistant_fraction=0.0018
day=358 susceptible=0482 carriers=0322 avg_resistant_fraction=0.0010
day=359 susceptible=0486 carriers=0315 avg_resistant_fraction=0.0003
day=360 susceptible=0485 carriers=0310 avg_resistant_fraction=0.0008
day=361 susceptible=0464 carriers=0316 avg_resistant_fraction=0.0011
day=362 susceptible=0462 carriers=0323 avg_resistant_fraction=0.0010
day=363 susceptible=0474 carriers=0320 avg_resistant_fraction=0.0004
day=364 susceptible=0475 carriers=0323 avg_resistant_fraction=0.0006
day=365 susceptible=0471 carriers=0335 avg_resistant_fraction=0.0009
run_end day=365 susceptible=471 carriers=335 avg_resistant_fraction=0.0009 active_micro_episodes=308
macro_log_written daily=/workspace/outputs/csv/macro_daily.csv by_hospital=/workspace/outputs/csv/macro_daily_by_hospital.csv
micro_log_written daily=/workspace/outputs/csv/micro_daily.csv by_hospital=/workspace/outputs/csv/micro_daily_by_hospital.csv patient_daily=/workspace/outputs/csv/micro_patient_daily.csv genotype=/workspace/outputs/csv/micro_daily_genotype.csv
plots_written to=/workspace/outputs/plots
