INFO:    Environment variable SINGULARITY_DISABLE_CACHE is set, but APPTAINER_DISABLE_CACHE is preferred
Resolved 133 packages in 64ms
Audited 126 packages in 666ms
run_start config=config/simulation_abx.yml days=1000 hospitals=6 susceptible=300 seed_carriers=40 micro_steps_per_day=12 micro_workers=300 seed=42
day=001 susceptible=0277 carriers=0063 avg_resistant_fraction=0.2412
day=002 susceptible=0243 carriers=0095 avg_resistant_fraction=0.1256
day=003 susceptible=0199 carriers=0133 avg_resistant_fraction=0.0850
day=004 susceptible=0161 carriers=0164 avg_resistant_fraction=0.0808
day=005 susceptible=0122 carriers=0188 avg_resistant_fraction=0.0574
day=006 susceptible=0083 carriers=0220 avg_resistant_fraction=0.0530
day=007 susceptible=0069 carriers=0231 avg_resistant_fraction=0.0478
day=008 susceptible=0049 carriers=0251 avg_resistant_fraction=0.0573
day=009 susceptible=0041 carriers=0259 avg_resistant_fraction=0.0604
day=010 susceptible=0030 carriers=0270 avg_resistant_fraction=0.0563
day=011 susceptible=0023 carriers=0277 avg_resistant_fraction=0.0580
day=012 susceptible=0018 carriers=0282 avg_resistant_fraction=0.0611
day=013 susceptible=0015 carriers=0285 avg_resistant_fraction=0.0589
day=014 susceptible=0013 carriers=0287 avg_resistant_fraction=0.0571
day=015 susceptible=0011 carriers=0289 avg_resistant_fraction=0.0630
day=016 susceptible=0009 carriers=0291 avg_resistant_fraction=0.0548
day=017 susceptible=0009 carriers=0291 avg_resistant_fraction=0.0584
day=018 susceptible=0008 carriers=0292 avg_resistant_fraction=0.0615
day=019 susceptible=0007 carriers=0293 avg_resistant_fraction=0.0634
day=020 susceptible=0009 carriers=0291 avg_resistant_fraction=0.0638
day=021 susceptible=0009 carriers=0291 avg_resistant_fraction=0.0603
day=022 susceptible=0009 carriers=0291 avg_resistant_fraction=0.0622
day=023 susceptible=0006 carriers=0294 avg_resistant_fraction=0.0604
day=024 susceptible=0004 carriers=0296 avg_resistant_fraction=0.0650
day=025 susceptible=0004 carriers=0296 avg_resistant_fraction=0.0676
day=026 susceptible=0006 carriers=0294 avg_resistant_fraction=0.0676
day=027 susceptible=0007 carriers=0293 avg_resistant_fraction=0.0712
day=028 susceptible=0006 carriers=0294 avg_resistant_fraction=0.0738
day=029 susceptible=0006 carriers=0294 avg_resistant_fraction=0.0755
day=030 susceptible=0007 carriers=0293 avg_resistant_fraction=0.0723
day=031 susceptible=0006 carriers=0294 avg_resistant_fraction=0.0738
day=032 susceptible=0007 carriers=0293 avg_resistant_fraction=0.0756
day=033 susceptible=0006 carriers=0294 avg_resistant_fraction=0.0765
day=034 susceptible=0009 carriers=0291 avg_resistant_fraction=0.0769
day=035 susceptible=0007 carriers=0293 avg_resistant_fraction=0.0801
day=036 susceptible=0005 carriers=0295 avg_resistant_fraction=0.0847
day=037 susceptible=0005 carriers=0295 avg_resistant_fraction=0.0852
day=038 susceptible=0005 carriers=0295 avg_resistant_fraction=0.0863
day=039 susceptible=0004 carriers=0296 avg_resistant_fraction=0.0876
day=040 susceptible=0003 carriers=0297 avg_resistant_fraction=0.0878
day=041 susceptible=0004 carriers=0296 avg_resistant_fraction=0.0854
day=042 susceptible=0004 carriers=0296 avg_resistant_fraction=0.0857
day=043 susceptible=0004 carriers=0296 avg_resistant_fraction=0.0855
day=044 susceptible=0003 carriers=0297 avg_resistant_fraction=0.0856
day=045 susceptible=0003 carriers=0297 avg_resistant_fraction=0.0864
day=046 susceptible=0002 carriers=0298 avg_resistant_fraction=0.0879
day=047 susceptible=0002 carriers=0298 avg_resistant_fraction=0.0884
day=048 susceptible=0005 carriers=0295 avg_resistant_fraction=0.0905
day=049 susceptible=0005 carriers=0295 avg_resistant_fraction=0.0915
day=050 susceptible=0004 carriers=0296 avg_resistant_fraction=0.0916
day=051 susceptible=0005 carriers=0295 avg_resistant_fraction=0.0927
day=052 susceptible=0006 carriers=0294 avg_resistant_fraction=0.0934
day=053 susceptible=0006 carriers=0294 avg_resistant_fraction=0.0952
day=054 susceptible=0005 carriers=0295 avg_resistant_fraction=0.0960
day=055 susceptible=0004 carriers=0296 avg_resistant_fraction=0.1006
day=056 susceptible=0006 carriers=0294 avg_resistant_fraction=0.1027
day=057 susceptible=0005 carriers=0295 avg_resistant_fraction=0.1036
day=058 susceptible=0007 carriers=0293 avg_resistant_fraction=0.1066
day=059 susceptible=0008 carriers=0292 avg_resistant_fraction=0.1079
day=060 susceptible=0009 carriers=0291 avg_resistant_fraction=0.1083
day=061 susceptible=0012 carriers=0288 avg_resistant_fraction=0.1108
day=062 susceptible=0008 carriers=0292 avg_resistant_fraction=0.1152
day=063 susceptible=0007 carriers=0293 avg_resistant_fraction=0.1183
day=064 susceptible=0008 carriers=0292 avg_resistant_fraction=0.1209
day=065 susceptible=0005 carriers=0295 avg_resistant_fraction=0.1216
day=066 susceptible=0004 carriers=0296 avg_resistant_fraction=0.1243
day=067 susceptible=0003 carriers=0297 avg_resistant_fraction=0.1237
day=068 susceptible=0003 carriers=0297 avg_resistant_fraction=0.1246
day=069 susceptible=0003 carriers=0297 avg_resistant_fraction=0.1242
day=070 susceptible=0005 carriers=0295 avg_resistant_fraction=0.1256
day=071 susceptible=0004 carriers=0296 avg_resistant_fraction=0.1246
day=072 susceptible=0002 carriers=0298 avg_resistant_fraction=0.1237
day=073 susceptible=0002 carriers=0298 avg_resistant_fraction=0.1258
day=074 susceptible=0002 carriers=0298 avg_resistant_fraction=0.1277
day=075 susceptible=0002 carriers=0298 avg_resistant_fraction=0.1285
day=076 susceptible=0002 carriers=0298 avg_resistant_fraction=0.1310
day=077 susceptible=0003 carriers=0297 avg_resistant_fraction=0.1340
day=078 susceptible=0002 carriers=0298 avg_resistant_fraction=0.1345
day=079 susceptible=0002 carriers=0298 avg_resistant_fraction=0.1388
day=080 susceptible=0003 carriers=0297 avg_resistant_fraction=0.1400
day=081 susceptible=0002 carriers=0298 avg_resistant_fraction=0.1406
day=082 susceptible=0001 carriers=0299 avg_resistant_fraction=0.1419
day=083 susceptible=0002 carriers=0298 avg_resistant_fraction=0.1443
day=084 susceptible=0001 carriers=0299 avg_resistant_fraction=0.1453
day=085 susceptible=0001 carriers=0299 avg_resistant_fraction=0.1490
day=086 susceptible=0000 carriers=0300 avg_resistant_fraction=0.1502
day=087 susceptible=0000 carriers=0300 avg_resistant_fraction=0.1514
day=088 susceptible=0000 carriers=0300 avg_resistant_fraction=0.1524
day=089 susceptible=0000 carriers=0300 avg_resistant_fraction=0.1539
day=090 susceptible=0000 carriers=0300 avg_resistant_fraction=0.1561
day=091 susceptible=0001 carriers=0299 avg_resistant_fraction=0.1609
day=092 susceptible=0002 carriers=0298 avg_resistant_fraction=0.1625
day=093 susceptible=0002 carriers=0298 avg_resistant_fraction=0.1668
day=094 susceptible=0002 carriers=0298 avg_resistant_fraction=0.1680
day=095 susceptible=0002 carriers=0298 avg_resistant_fraction=0.1657
day=096 susceptible=0003 carriers=0297 avg_resistant_fraction=0.1693
day=097 susceptible=0002 carriers=0298 avg_resistant_fraction=0.1693
day=098 susceptible=0002 carriers=0298 avg_resistant_fraction=0.1725
day=099 susceptible=0003 carriers=0297 avg_resistant_fraction=0.1756
day=100 susceptible=0003 carriers=0297 avg_resistant_fraction=0.1776
day=101 susceptible=0002 carriers=0298 avg_resistant_fraction=0.1792
day=102 susceptible=0002 carriers=0298 avg_resistant_fraction=0.1817
day=103 susceptible=0003 carriers=0297 avg_resistant_fraction=0.1857
day=104 susceptible=0004 carriers=0296 avg_resistant_fraction=0.1886
day=105 susceptible=0004 carriers=0296 avg_resistant_fraction=0.1896
day=106 susceptible=0002 carriers=0298 avg_resistant_fraction=0.1906
day=107 susceptible=0001 carriers=0299 avg_resistant_fraction=0.1984
day=108 susceptible=0001 carriers=0299 avg_resistant_fraction=0.2015
day=109 susceptible=0002 carriers=0298 avg_resistant_fraction=0.2072
day=110 susceptible=0002 carriers=0298 avg_resistant_fraction=0.2087
day=111 susceptible=0003 carriers=0297 avg_resistant_fraction=0.2109
day=112 susceptible=0003 carriers=0297 avg_resistant_fraction=0.2123
day=113 susceptible=0003 carriers=0297 avg_resistant_fraction=0.2142
day=114 susceptible=0003 carriers=0297 avg_resistant_fraction=0.2197
day=115 susceptible=0003 carriers=0297 avg_resistant_fraction=0.2178
day=116 susceptible=0002 carriers=0298 avg_resistant_fraction=0.2198
day=117 susceptible=0004 carriers=0296 avg_resistant_fraction=0.2220
day=118 susceptible=0001 carriers=0299 avg_resistant_fraction=0.2233
day=119 susceptible=0001 carriers=0299 avg_resistant_fraction=0.2257
day=120 susceptible=0001 carriers=0299 avg_resistant_fraction=0.2255
day=121 susceptible=0002 carriers=0298 avg_resistant_fraction=0.2279
day=122 susceptible=0004 carriers=0296 avg_resistant_fraction=0.2292
day=123 susceptible=0005 carriers=0295 avg_resistant_fraction=0.2312
day=124 susceptible=0005 carriers=0295 avg_resistant_fraction=0.2329
day=125 susceptible=0004 carriers=0296 avg_resistant_fraction=0.2366
day=126 susceptible=0003 carriers=0297 avg_resistant_fraction=0.2376
day=127 susceptible=0002 carriers=0298 avg_resistant_fraction=0.2401
day=128 susceptible=0002 carriers=0298 avg_resistant_fraction=0.2439
day=129 susceptible=0003 carriers=0297 avg_resistant_fraction=0.2471
day=130 susceptible=0003 carriers=0297 avg_resistant_fraction=0.2553
day=131 susceptible=0002 carriers=0298 avg_resistant_fraction=0.2590
day=132 susceptible=0003 carriers=0297 avg_resistant_fraction=0.2633
day=133 susceptible=0002 carriers=0298 avg_resistant_fraction=0.2671
day=134 susceptible=0002 carriers=0298 avg_resistant_fraction=0.2678
day=135 susceptible=0002 carriers=0298 avg_resistant_fraction=0.2721
day=136 susceptible=0002 carriers=0298 avg_resistant_fraction=0.2751
day=137 susceptible=0002 carriers=0298 avg_resistant_fraction=0.2772
day=138 susceptible=0002 carriers=0298 avg_resistant_fraction=0.2818
day=139 susceptible=0004 carriers=0296 avg_resistant_fraction=0.2846
day=140 susceptible=0005 carriers=0295 avg_resistant_fraction=0.2897
day=141 susceptible=0003 carriers=0297 avg_resistant_fraction=0.2893
day=142 susceptible=0003 carriers=0297 avg_resistant_fraction=0.2891
day=143 susceptible=0005 carriers=0295 avg_resistant_fraction=0.2955
day=144 susceptible=0006 carriers=0294 avg_resistant_fraction=0.2978
day=145 susceptible=0005 carriers=0295 avg_resistant_fraction=0.2998
day=146 susceptible=0005 carriers=0295 avg_resistant_fraction=0.3033
day=147 susceptible=0004 carriers=0296 avg_resistant_fraction=0.3077
day=148 susceptible=0003 carriers=0297 avg_resistant_fraction=0.3115
day=149 susceptible=0003 carriers=0297 avg_resistant_fraction=0.3166
day=150 susceptible=0004 carriers=0296 avg_resistant_fraction=0.3202
day=151 susceptible=0004 carriers=0296 avg_resistant_fraction=0.3264
day=152 susceptible=0004 carriers=0296 avg_resistant_fraction=0.3267
day=153 susceptible=0004 carriers=0296 avg_resistant_fraction=0.3320
day=154 susceptible=0003 carriers=0297 avg_resistant_fraction=0.3348
day=155 susceptible=0002 carriers=0298 avg_resistant_fraction=0.3367
day=156 susceptible=0001 carriers=0299 avg_resistant_fraction=0.3396
day=157 susceptible=0001 carriers=0299 avg_resistant_fraction=0.3424
day=158 susceptible=0001 carriers=0299 avg_resistant_fraction=0.3457
day=159 susceptible=0001 carriers=0299 avg_resistant_fraction=0.3509
day=160 susceptible=0004 carriers=0296 avg_resistant_fraction=0.3568
day=161 susceptible=0005 carriers=0295 avg_resistant_fraction=0.3604
day=162 susceptible=0006 carriers=0294 avg_resistant_fraction=0.3625
day=163 susceptible=0007 carriers=0293 avg_resistant_fraction=0.3680
day=164 susceptible=0007 carriers=0293 avg_resistant_fraction=0.3713
day=165 susceptible=0007 carriers=0293 avg_resistant_fraction=0.3767
day=166 susceptible=0004 carriers=0296 avg_resistant_fraction=0.3772
day=167 susceptible=0003 carriers=0297 avg_resistant_fraction=0.3801
day=168 susceptible=0004 carriers=0296 avg_resistant_fraction=0.3831
day=169 susceptible=0002 carriers=0298 avg_resistant_fraction=0.3853
day=170 susceptible=0002 carriers=0298 avg_resistant_fraction=0.3858
day=171 susceptible=0001 carriers=0299 avg_resistant_fraction=0.3873
day=172 susceptible=0002 carriers=0298 avg_resistant_fraction=0.3868
day=173 susceptible=0003 carriers=0297 avg_resistant_fraction=0.3918
day=174 susceptible=0002 carriers=0298 avg_resistant_fraction=0.3974
day=175 susceptible=0002 carriers=0298 avg_resistant_fraction=0.3974
day=176 susceptible=0003 carriers=0297 avg_resistant_fraction=0.4045
day=177 susceptible=0002 carriers=0298 avg_resistant_fraction=0.4099
day=178 susceptible=0003 carriers=0297 avg_resistant_fraction=0.4106
day=179 susceptible=0002 carriers=0298 avg_resistant_fraction=0.4123
day=180 susceptible=0001 carriers=0299 avg_resistant_fraction=0.4155
day=181 susceptible=0001 carriers=0299 avg_resistant_fraction=0.4186
day=182 susceptible=0001 carriers=0299 avg_resistant_fraction=0.4244
day=183 susceptible=0001 carriers=0299 avg_resistant_fraction=0.4260
day=184 susceptible=0001 carriers=0299 avg_resistant_fraction=0.4318
day=185 susceptible=0001 carriers=0299 avg_resistant_fraction=0.4341
day=186 susceptible=0001 carriers=0299 avg_resistant_fraction=0.4377
day=187 susceptible=0001 carriers=0299 avg_resistant_fraction=0.4384
day=188 susceptible=0000 carriers=0300 avg_resistant_fraction=0.4434
day=189 susceptible=0001 carriers=0299 avg_resistant_fraction=0.4450
day=190 susceptible=0002 carriers=0298 avg_resistant_fraction=0.4496
day=191 susceptible=0002 carriers=0298 avg_resistant_fraction=0.4557
day=192 susceptible=0003 carriers=0297 avg_resistant_fraction=0.4605
day=193 susceptible=0005 carriers=0295 avg_resistant_fraction=0.4605
day=194 susceptible=0003 carriers=0297 avg_resistant_fraction=0.4591
day=195 susceptible=0002 carriers=0298 avg_resistant_fraction=0.4616
day=196 susceptible=0001 carriers=0299 avg_resistant_fraction=0.4598
day=197 susceptible=0001 carriers=0299 avg_resistant_fraction=0.4649
day=198 susceptible=0001 carriers=0299 avg_resistant_fraction=0.4684
day=199 susceptible=0000 carriers=0300 avg_resistant_fraction=0.4707
day=200 susceptible=0000 carriers=0300 avg_resistant_fraction=0.4738
day=201 susceptible=0000 carriers=0300 avg_resistant_fraction=0.4774
day=202 susceptible=0000 carriers=0300 avg_resistant_fraction=0.4818
day=203 susceptible=0000 carriers=0300 avg_resistant_fraction=0.4862
day=204 susceptible=0000 carriers=0300 avg_resistant_fraction=0.4897
day=205 susceptible=0000 carriers=0300 avg_resistant_fraction=0.4938
day=206 susceptible=0000 carriers=0300 avg_resistant_fraction=0.4976
day=207 susceptible=0001 carriers=0299 avg_resistant_fraction=0.4995
day=208 susceptible=0001 carriers=0299 avg_resistant_fraction=0.5019
day=209 susceptible=0001 carriers=0299 avg_resistant_fraction=0.5041
day=210 susceptible=0002 carriers=0298 avg_resistant_fraction=0.5072
day=211 susceptible=0002 carriers=0298 avg_resistant_fraction=0.5115
day=212 susceptible=0002 carriers=0298 avg_resistant_fraction=0.5140
day=213 susceptible=0002 carriers=0298 avg_resistant_fraction=0.5175
day=214 susceptible=0002 carriers=0298 avg_resistant_fraction=0.5206
day=215 susceptible=0002 carriers=0298 avg_resistant_fraction=0.5223
day=216 susceptible=0002 carriers=0298 avg_resistant_fraction=0.5258
day=217 susceptible=0002 carriers=0298 avg_resistant_fraction=0.5281
day=218 susceptible=0001 carriers=0299 avg_resistant_fraction=0.5305
day=219 susceptible=0000 carriers=0300 avg_resistant_fraction=0.5354
day=220 susceptible=0001 carriers=0299 avg_resistant_fraction=0.5345
day=221 susceptible=0001 carriers=0299 avg_resistant_fraction=0.5382
day=222 susceptible=0002 carriers=0298 avg_resistant_fraction=0.5411
day=223 susceptible=0002 carriers=0298 avg_resistant_fraction=0.5434
day=224 susceptible=0002 carriers=0298 avg_resistant_fraction=0.5445
day=225 susceptible=0001 carriers=0299 avg_resistant_fraction=0.5452
day=226 susceptible=0001 carriers=0299 avg_resistant_fraction=0.5514
day=227 susceptible=0001 carriers=0299 avg_resistant_fraction=0.5604
day=228 susceptible=0001 carriers=0299 avg_resistant_fraction=0.5660
day=229 susceptible=0001 carriers=0299 avg_resistant_fraction=0.5731
day=230 susceptible=0001 carriers=0299 avg_resistant_fraction=0.5786
day=231 susceptible=0001 carriers=0299 avg_resistant_fraction=0.5818
day=232 susceptible=0001 carriers=0299 avg_resistant_fraction=0.5849
day=233 susceptible=0001 carriers=0299 avg_resistant_fraction=0.5880
day=234 susceptible=0001 carriers=0299 avg_resistant_fraction=0.5902
day=235 susceptible=0001 carriers=0299 avg_resistant_fraction=0.5935
day=236 susceptible=0002 carriers=0298 avg_resistant_fraction=0.5946
day=237 susceptible=0002 carriers=0298 avg_resistant_fraction=0.5967
day=238 susceptible=0003 carriers=0297 avg_resistant_fraction=0.5979
day=239 susceptible=0003 carriers=0297 avg_resistant_fraction=0.6008
day=240 susceptible=0003 carriers=0297 avg_resistant_fraction=0.6046
day=241 susceptible=0003 carriers=0297 avg_resistant_fraction=0.6086
day=242 susceptible=0001 carriers=0299 avg_resistant_fraction=0.6147
day=243 susceptible=0002 carriers=0298 avg_resistant_fraction=0.6175
day=244 susceptible=0002 carriers=0298 avg_resistant_fraction=0.6212
day=245 susceptible=0001 carriers=0299 avg_resistant_fraction=0.6255
day=246 susceptible=0001 carriers=0299 avg_resistant_fraction=0.6231
day=247 susceptible=0001 carriers=0299 avg_resistant_fraction=0.6283
day=248 susceptible=0000 carriers=0300 avg_resistant_fraction=0.6320
day=249 susceptible=0000 carriers=0300 avg_resistant_fraction=0.6347
day=250 susceptible=0002 carriers=0298 avg_resistant_fraction=0.6341
day=251 susceptible=0002 carriers=0298 avg_resistant_fraction=0.6381
day=252 susceptible=0001 carriers=0299 avg_resistant_fraction=0.6470
day=253 susceptible=0001 carriers=0299 avg_resistant_fraction=0.6491
day=254 susceptible=0001 carriers=0299 avg_resistant_fraction=0.6531
day=255 susceptible=0002 carriers=0298 avg_resistant_fraction=0.6576
day=256 susceptible=0001 carriers=0299 avg_resistant_fraction=0.6636
day=257 susceptible=0000 carriers=0300 avg_resistant_fraction=0.6690
day=258 susceptible=0001 carriers=0299 avg_resistant_fraction=0.6707
day=259 susceptible=0003 carriers=0297 avg_resistant_fraction=0.6718
day=260 susceptible=0004 carriers=0296 avg_resistant_fraction=0.6739
day=261 susceptible=0004 carriers=0296 avg_resistant_fraction=0.6769
day=262 susceptible=0004 carriers=0296 avg_resistant_fraction=0.6821
day=263 susceptible=0005 carriers=0295 avg_resistant_fraction=0.6841
day=264 susceptible=0004 carriers=0296 avg_resistant_fraction=0.6870
day=265 susceptible=0003 carriers=0297 avg_resistant_fraction=0.6832
day=266 susceptible=0004 carriers=0296 avg_resistant_fraction=0.6888
day=267 susceptible=0004 carriers=0296 avg_resistant_fraction=0.6940
day=268 susceptible=0004 carriers=0296 avg_resistant_fraction=0.6954
day=269 susceptible=0003 carriers=0297 avg_resistant_fraction=0.6979
day=270 susceptible=0001 carriers=0299 avg_resistant_fraction=0.7000
day=271 susceptible=0001 carriers=0299 avg_resistant_fraction=0.7031
day=272 susceptible=0000 carriers=0300 avg_resistant_fraction=0.7085
day=273 susceptible=0000 carriers=0300 avg_resistant_fraction=0.7118
day=274 susceptible=0001 carriers=0299 avg_resistant_fraction=0.7150
day=275 susceptible=0001 carriers=0299 avg_resistant_fraction=0.7182
day=276 susceptible=0000 carriers=0300 avg_resistant_fraction=0.7228
day=277 susceptible=0001 carriers=0299 avg_resistant_fraction=0.7250
day=278 susceptible=0002 carriers=0298 avg_resistant_fraction=0.7268
day=279 susceptible=0002 carriers=0298 avg_resistant_fraction=0.7296
day=280 susceptible=0002 carriers=0298 avg_resistant_fraction=0.7316
day=281 susceptible=0001 carriers=0299 avg_resistant_fraction=0.7341
day=282 susceptible=0000 carriers=0300 avg_resistant_fraction=0.7327
day=283 susceptible=0000 carriers=0300 avg_resistant_fraction=0.7358
day=284 susceptible=0001 carriers=0299 avg_resistant_fraction=0.7378
day=285 susceptible=0001 carriers=0299 avg_resistant_fraction=0.7407
day=286 susceptible=0001 carriers=0299 avg_resistant_fraction=0.7450
day=287 susceptible=0001 carriers=0299 avg_resistant_fraction=0.7483
day=288 susceptible=0000 carriers=0300 avg_resistant_fraction=0.7520
day=289 susceptible=0002 carriers=0298 avg_resistant_fraction=0.7546
day=290 susceptible=0002 carriers=0298 avg_resistant_fraction=0.7588
day=291 susceptible=0002 carriers=0298 avg_resistant_fraction=0.7605
day=292 susceptible=0002 carriers=0298 avg_resistant_fraction=0.7615
day=293 susceptible=0002 carriers=0298 avg_resistant_fraction=0.7649
day=294 susceptible=0002 carriers=0298 avg_resistant_fraction=0.7661
day=295 susceptible=0002 carriers=0298 avg_resistant_fraction=0.7702
day=296 susceptible=0002 carriers=0298 avg_resistant_fraction=0.7741
day=297 susceptible=0002 carriers=0298 avg_resistant_fraction=0.7770
day=298 susceptible=0001 carriers=0299 avg_resistant_fraction=0.7794
day=299 susceptible=0001 carriers=0299 avg_resistant_fraction=0.7809
day=300 susceptible=0001 carriers=0299 avg_resistant_fraction=0.7844
day=301 susceptible=0001 carriers=0299 avg_resistant_fraction=0.7862
day=302 susceptible=0001 carriers=0299 avg_resistant_fraction=0.7891
day=303 susceptible=0002 carriers=0298 avg_resistant_fraction=0.7893
day=304 susceptible=0003 carriers=0297 avg_resistant_fraction=0.7960
day=305 susceptible=0002 carriers=0298 avg_resistant_fraction=0.7999
day=306 susceptible=0002 carriers=0298 avg_resistant_fraction=0.8033
day=307 susceptible=0000 carriers=0300 avg_resistant_fraction=0.8030
day=308 susceptible=0000 carriers=0300 avg_resistant_fraction=0.8022
day=309 susceptible=0000 carriers=0300 avg_resistant_fraction=0.8053
day=310 susceptible=0000 carriers=0300 avg_resistant_fraction=0.8082
day=311 susceptible=0000 carriers=0300 avg_resistant_fraction=0.8116
day=312 susceptible=0001 carriers=0299 avg_resistant_fraction=0.8124
day=313 susceptible=0001 carriers=0299 avg_resistant_fraction=0.8155
day=314 susceptible=0001 carriers=0299 avg_resistant_fraction=0.8184
day=315 susceptible=0003 carriers=0297 avg_resistant_fraction=0.8214
day=316 susceptible=0003 carriers=0297 avg_resistant_fraction=0.8239
day=317 susceptible=0005 carriers=0295 avg_resistant_fraction=0.8268
day=318 susceptible=0004 carriers=0296 avg_resistant_fraction=0.8286
day=319 susceptible=0004 carriers=0296 avg_resistant_fraction=0.8300
day=320 susceptible=0005 carriers=0295 avg_resistant_fraction=0.8360
day=321 susceptible=0003 carriers=0297 avg_resistant_fraction=0.8384
day=322 susceptible=0003 carriers=0297 avg_resistant_fraction=0.8359
day=323 susceptible=0003 carriers=0297 avg_resistant_fraction=0.8383
day=324 susceptible=0004 carriers=0296 avg_resistant_fraction=0.8433
day=325 susceptible=0003 carriers=0297 avg_resistant_fraction=0.8487
day=326 susceptible=0003 carriers=0297 avg_resistant_fraction=0.8494
day=327 susceptible=0002 carriers=0298 avg_resistant_fraction=0.8517
day=328 susceptible=0002 carriers=0298 avg_resistant_fraction=0.8517
day=329 susceptible=0002 carriers=0298 avg_resistant_fraction=0.8523
day=330 susceptible=0002 carriers=0298 avg_resistant_fraction=0.8538
day=331 susceptible=0001 carriers=0299 avg_resistant_fraction=0.8505
day=332 susceptible=0001 carriers=0299 avg_resistant_fraction=0.8521
day=333 susceptible=0001 carriers=0299 avg_resistant_fraction=0.8518
day=334 susceptible=0000 carriers=0300 avg_resistant_fraction=0.8498
day=335 susceptible=0000 carriers=0300 avg_resistant_fraction=0.8497
day=336 susceptible=0000 carriers=0300 avg_resistant_fraction=0.8505
day=337 susceptible=0000 carriers=0300 avg_resistant_fraction=0.8530
day=338 susceptible=0000 carriers=0300 avg_resistant_fraction=0.8555
day=339 susceptible=0002 carriers=0298 avg_resistant_fraction=0.8552
day=340 susceptible=0002 carriers=0298 avg_resistant_fraction=0.8577
day=341 susceptible=0001 carriers=0299 avg_resistant_fraction=0.8594
day=342 susceptible=0002 carriers=0298 avg_resistant_fraction=0.8630
day=343 susceptible=0002 carriers=0298 avg_resistant_fraction=0.8625
day=344 susceptible=0002 carriers=0298 avg_resistant_fraction=0.8623
day=345 susceptible=0001 carriers=0299 avg_resistant_fraction=0.8639
day=346 susceptible=0001 carriers=0299 avg_resistant_fraction=0.8694
day=347 susceptible=0001 carriers=0299 avg_resistant_fraction=0.8744
day=348 susceptible=0001 carriers=0299 avg_resistant_fraction=0.8740
day=349 susceptible=0001 carriers=0299 avg_resistant_fraction=0.8747
day=350 susceptible=0001 carriers=0299 avg_resistant_fraction=0.8755
day=351 susceptible=0001 carriers=0299 avg_resistant_fraction=0.8758
day=352 susceptible=0001 carriers=0299 avg_resistant_fraction=0.8777
day=353 susceptible=0001 carriers=0299 avg_resistant_fraction=0.8780
day=354 susceptible=0001 carriers=0299 avg_resistant_fraction=0.8760
day=355 susceptible=0001 carriers=0299 avg_resistant_fraction=0.8764
day=356 susceptible=0001 carriers=0299 avg_resistant_fraction=0.8766
day=357 susceptible=0001 carriers=0299 avg_resistant_fraction=0.8781
day=358 susceptible=0001 carriers=0299 avg_resistant_fraction=0.8796
day=359 susceptible=0002 carriers=0298 avg_resistant_fraction=0.8816
day=360 susceptible=0002 carriers=0298 avg_resistant_fraction=0.8825
day=361 susceptible=0003 carriers=0297 avg_resistant_fraction=0.8859
day=362 susceptible=0002 carriers=0298 avg_resistant_fraction=0.8874
day=363 susceptible=0002 carriers=0298 avg_resistant_fraction=0.8849
day=364 susceptible=0002 carriers=0298 avg_resistant_fraction=0.8869
day=365 susceptible=0002 carriers=0298 avg_resistant_fraction=0.8887
day=366 susceptible=0001 carriers=0299 avg_resistant_fraction=0.8903
day=367 susceptible=0001 carriers=0299 avg_resistant_fraction=0.8893
day=368 susceptible=0001 carriers=0299 avg_resistant_fraction=0.8907
day=369 susceptible=0002 carriers=0298 avg_resistant_fraction=0.8917
day=370 susceptible=0002 carriers=0298 avg_resistant_fraction=0.8930
day=371 susceptible=0002 carriers=0298 avg_resistant_fraction=0.8965
day=372 susceptible=0002 carriers=0298 avg_resistant_fraction=0.8988
day=373 susceptible=0001 carriers=0299 avg_resistant_fraction=0.9006
day=374 susceptible=0001 carriers=0299 avg_resistant_fraction=0.9012
day=375 susceptible=0002 carriers=0298 avg_resistant_fraction=0.9046
day=376 susceptible=0002 carriers=0298 avg_resistant_fraction=0.9035
day=377 susceptible=0002 carriers=0298 avg_resistant_fraction=0.9058
day=378 susceptible=0002 carriers=0298 avg_resistant_fraction=0.9068
day=379 susceptible=0003 carriers=0297 avg_resistant_fraction=0.9106
day=380 susceptible=0002 carriers=0298 avg_resistant_fraction=0.9121
day=381 susceptible=0001 carriers=0299 avg_resistant_fraction=0.9130
day=382 susceptible=0000 carriers=0300 avg_resistant_fraction=0.9118
day=383 susceptible=0000 carriers=0300 avg_resistant_fraction=0.9117
day=384 susceptible=0000 carriers=0300 avg_resistant_fraction=0.9133
day=385 susceptible=0001 carriers=0299 avg_resistant_fraction=0.9133
day=386 susceptible=0001 carriers=0299 avg_resistant_fraction=0.9141
day=387 susceptible=0001 carriers=0299 avg_resistant_fraction=0.9156
day=388 susceptible=0002 carriers=0298 avg_resistant_fraction=0.9161
day=389 susceptible=0002 carriers=0298 avg_resistant_fraction=0.9171
day=390 susceptible=0002 carriers=0298 avg_resistant_fraction=0.9182
day=391 susceptible=0002 carriers=0298 avg_resistant_fraction=0.9179
day=392 susceptible=0002 carriers=0298 avg_resistant_fraction=0.9192
day=393 susceptible=0002 carriers=0298 avg_resistant_fraction=0.9192
day=394 susceptible=0001 carriers=0299 avg_resistant_fraction=0.9179
day=395 susceptible=0002 carriers=0298 avg_resistant_fraction=0.9179
day=396 susceptible=0001 carriers=0299 avg_resistant_fraction=0.9183
day=397 susceptible=0000 carriers=0300 avg_resistant_fraction=0.9183
day=398 susceptible=0000 carriers=0300 avg_resistant_fraction=0.9203
day=399 susceptible=0000 carriers=0300 avg_resistant_fraction=0.9207
day=400 susceptible=0001 carriers=0299 avg_resistant_fraction=0.9195
day=401 susceptible=0001 carriers=0299 avg_resistant_fraction=0.9206
day=402 susceptible=0001 carriers=0299 avg_resistant_fraction=0.9204
day=403 susceptible=0002 carriers=0298 avg_resistant_fraction=0.9208
day=404 susceptible=0002 carriers=0298 avg_resistant_fraction=0.9213
day=405 susceptible=0003 carriers=0297 avg_resistant_fraction=0.9214
day=406 susceptible=0003 carriers=0297 avg_resistant_fraction=0.9223
day=407 susceptible=0003 carriers=0297 avg_resistant_fraction=0.9230
day=408 susceptible=0004 carriers=0296 avg_resistant_fraction=0.9229
day=409 susceptible=0003 carriers=0297 avg_resistant_fraction=0.9242
day=410 susceptible=0002 carriers=0298 avg_resistant_fraction=0.9251
day=411 susceptible=0002 carriers=0298 avg_resistant_fraction=0.9265
day=412 susceptible=0002 carriers=0298 avg_resistant_fraction=0.9239
day=413 susceptible=0002 carriers=0298 avg_resistant_fraction=0.9237
day=414 susceptible=0003 carriers=0297 avg_resistant_fraction=0.9236
day=415 susceptible=0003 carriers=0297 avg_resistant_fraction=0.9232
day=416 susceptible=0003 carriers=0297 avg_resistant_fraction=0.9239
day=417 susceptible=0002 carriers=0298 avg_resistant_fraction=0.9242
day=418 susceptible=0001 carriers=0299 avg_resistant_fraction=0.9251
day=419 susceptible=0001 carriers=0299 avg_resistant_fraction=0.9250
day=420 susceptible=0002 carriers=0298 avg_resistant_fraction=0.9243
day=421 susceptible=0002 carriers=0298 avg_resistant_fraction=0.9243
day=422 susceptible=0003 carriers=0297 avg_resistant_fraction=0.9243
day=423 susceptible=0004 carriers=0296 avg_resistant_fraction=0.9239
day=424 susceptible=0004 carriers=0296 avg_resistant_fraction=0.9247
day=425 susceptible=0004 carriers=0296 avg_resistant_fraction=0.9247
day=426 susceptible=0002 carriers=0298 avg_resistant_fraction=0.9268
day=427 susceptible=0002 carriers=0298 avg_resistant_fraction=0.9273
day=428 susceptible=0003 carriers=0297 avg_resistant_fraction=0.9291
day=429 susceptible=0003 carriers=0297 avg_resistant_fraction=0.9292
day=430 susceptible=0002 carriers=0298 avg_resistant_fraction=0.9301
day=431 susceptible=0002 carriers=0298 avg_resistant_fraction=0.9309
day=432 susceptible=0002 carriers=0298 avg_resistant_fraction=0.9308
day=433 susceptible=0002 carriers=0298 avg_resistant_fraction=0.9313
day=434 susceptible=0003 carriers=0297 avg_resistant_fraction=0.9319
day=435 susceptible=0004 carriers=0296 avg_resistant_fraction=0.9313
day=436 susceptible=0004 carriers=0296 avg_resistant_fraction=0.9311
day=437 susceptible=0004 carriers=0296 avg_resistant_fraction=0.9306
day=438 susceptible=0003 carriers=0297 avg_resistant_fraction=0.9315
day=439 susceptible=0003 carriers=0297 avg_resistant_fraction=0.9323
day=440 susceptible=0002 carriers=0298 avg_resistant_fraction=0.9331
day=441 susceptible=0002 carriers=0298 avg_resistant_fraction=0.9328
day=442 susceptible=0002 carriers=0298 avg_resistant_fraction=0.9325
day=443 susceptible=0001 carriers=0299 avg_resistant_fraction=0.9333
day=444 susceptible=0002 carriers=0298 avg_resistant_fraction=0.9329
day=445 susceptible=0001 carriers=0299 avg_resistant_fraction=0.9330
day=446 susceptible=0001 carriers=0299 avg_resistant_fraction=0.9300
day=447 susceptible=0000 carriers=0300 avg_resistant_fraction=0.9312
day=448 susceptible=0000 carriers=0300 avg_resistant_fraction=0.9315
day=449 susceptible=0000 carriers=0300 avg_resistant_fraction=0.9317
day=450 susceptible=0000 carriers=0300 avg_resistant_fraction=0.9323
day=451 susceptible=0000 carriers=0300 avg_resistant_fraction=0.9322
day=452 susceptible=0000 carriers=0300 avg_resistant_fraction=0.9330
day=453 susceptible=0001 carriers=0299 avg_resistant_fraction=0.9330
day=454 susceptible=0001 carriers=0299 avg_resistant_fraction=0.9333
day=455 susceptible=0002 carriers=0298 avg_resistant_fraction=0.9336
day=456 susceptible=0002 carriers=0298 avg_resistant_fraction=0.9346
day=457 susceptible=0002 carriers=0298 avg_resistant_fraction=0.9349
day=458 susceptible=0001 carriers=0299 avg_resistant_fraction=0.9359
day=459 susceptible=0001 carriers=0299 avg_resistant_fraction=0.9366
day=460 susceptible=0002 carriers=0298 avg_resistant_fraction=0.9373
day=461 susceptible=0003 carriers=0297 avg_resistant_fraction=0.9373
day=462 susceptible=0003 carriers=0297 avg_resistant_fraction=0.9373
day=463 susceptible=0002 carriers=0298 avg_resistant_fraction=0.9375
day=464 susceptible=0002 carriers=0298 avg_resistant_fraction=0.9380
day=465 susceptible=0000 carriers=0300 avg_resistant_fraction=0.9384
day=466 susceptible=0000 carriers=0300 avg_resistant_fraction=0.9381
day=467 susceptible=0000 carriers=0300 avg_resistant_fraction=0.9382
day=468 susceptible=0000 carriers=0300 avg_resistant_fraction=0.9384
day=469 susceptible=0000 carriers=0300 avg_resistant_fraction=0.9382
day=470 susceptible=0000 carriers=0300 avg_resistant_fraction=0.9382
day=471 susceptible=0000 carriers=0300 avg_resistant_fraction=0.9382
day=472 susceptible=0000 carriers=0300 avg_resistant_fraction=0.9383
day=473 susceptible=0000 carriers=0300 avg_resistant_fraction=0.9391
day=474 susceptible=0000 carriers=0300 avg_resistant_fraction=0.9401
day=475 susceptible=0000 carriers=0300 avg_resistant_fraction=0.9403
day=476 susceptible=0000 carriers=0300 avg_resistant_fraction=0.9419
day=477 susceptible=0000 carriers=0300 avg_resistant_fraction=0.9419
day=478 susceptible=0000 carriers=0300 avg_resistant_fraction=0.9438
day=479 susceptible=0000 carriers=0300 avg_resistant_fraction=0.9442
day=480 susceptible=0000 carriers=0300 avg_resistant_fraction=0.9456
day=481 susceptible=0000 carriers=0300 avg_resistant_fraction=0.9455
day=482 susceptible=0000 carriers=0300 avg_resistant_fraction=0.9465
day=483 susceptible=0000 carriers=0300 avg_resistant_fraction=0.9478
day=484 susceptible=0001 carriers=0299 avg_resistant_fraction=0.9483
day=485 susceptible=0002 carriers=0298 avg_resistant_fraction=0.9498
day=486 susceptible=0003 carriers=0297 avg_resistant_fraction=0.9499
day=487 susceptible=0004 carriers=0296 avg_resistant_fraction=0.9495
day=488 susceptible=0004 carriers=0296 avg_resistant_fraction=0.9506
day=489 susceptible=0003 carriers=0297 avg_resistant_fraction=0.9504
day=490 susceptible=0004 carriers=0296 avg_resistant_fraction=0.9506
day=491 susceptible=0004 carriers=0296 avg_resistant_fraction=0.9502
day=492 susceptible=0003 carriers=0297 avg_resistant_fraction=0.9513
day=493 susceptible=0003 carriers=0297 avg_resistant_fraction=0.9516
day=494 susceptible=0003 carriers=0297 avg_resistant_fraction=0.9523
day=495 susceptible=0003 carriers=0297 avg_resistant_fraction=0.9527
day=496 susceptible=0002 carriers=0298 avg_resistant_fraction=0.9529
day=497 susceptible=0001 carriers=0299 avg_resistant_fraction=0.9535
day=498 susceptible=0001 carriers=0299 avg_resistant_fraction=0.9537
day=499 susceptible=0001 carriers=0299 avg_resistant_fraction=0.9544
day=500 susceptible=0001 carriers=0299 avg_resistant_fraction=0.9548
day=501 susceptible=0001 carriers=0299 avg_resistant_fraction=0.9548
day=502 susceptible=0002 carriers=0298 avg_resistant_fraction=0.9550
day=503 susceptible=0001 carriers=0299 avg_resistant_fraction=0.9556
day=504 susceptible=0001 carriers=0299 avg_resistant_fraction=0.9553
day=505 susceptible=0000 carriers=0300 avg_resistant_fraction=0.9555
day=506 susceptible=0000 carriers=0300 avg_resistant_fraction=0.9555
day=507 susceptible=0000 carriers=0300 avg_resistant_fraction=0.9557
day=508 susceptible=0000 carriers=0300 avg_resistant_fraction=0.9563
day=509 susceptible=0000 carriers=0300 avg_resistant_fraction=0.9582
day=510 susceptible=0000 carriers=0300 avg_resistant_fraction=0.9583
day=511 susceptible=0000 carriers=0300 avg_resistant_fraction=0.9586
day=512 susceptible=0000 carriers=0300 avg_resistant_fraction=0.9589
day=513 susceptible=0000 carriers=0300 avg_resistant_fraction=0.9596
day=514 susceptible=0000 carriers=0300 avg_resistant_fraction=0.9599
day=515 susceptible=0001 carriers=0299 avg_resistant_fraction=0.9600
day=516 susceptible=0001 carriers=0299 avg_resistant_fraction=0.9609
day=517 susceptible=0001 carriers=0299 avg_resistant_fraction=0.9610
day=518 susceptible=0001 carriers=0299 avg_resistant_fraction=0.9615
day=519 susceptible=0001 carriers=0299 avg_resistant_fraction=0.9628
day=520 susceptible=0001 carriers=0299 avg_resistant_fraction=0.9632
day=521 susceptible=0001 carriers=0299 avg_resistant_fraction=0.9644
day=522 susceptible=0000 carriers=0300 avg_resistant_fraction=0.9651
day=523 susceptible=0000 carriers=0300 avg_resistant_fraction=0.9653
day=524 susceptible=0000 carriers=0300 avg_resistant_fraction=0.9655
day=525 susceptible=0000 carriers=0300 avg_resistant_fraction=0.9661
day=526 susceptible=0000 carriers=0300 avg_resistant_fraction=0.9665
day=527 susceptible=0000 carriers=0300 avg_resistant_fraction=0.9670
day=528 susceptible=0000 carriers=0300 avg_resistant_fraction=0.9672
day=529 susceptible=0000 carriers=0300 avg_resistant_fraction=0.9683
day=530 susceptible=0001 carriers=0299 avg_resistant_fraction=0.9676
day=531 susceptible=0001 carriers=0299 avg_resistant_fraction=0.9696
day=532 susceptible=0001 carriers=0299 avg_resistant_fraction=0.9706
day=533 susceptible=0001 carriers=0299 avg_resistant_fraction=0.9716
day=534 susceptible=0001 carriers=0299 avg_resistant_fraction=0.9717
day=535 susceptible=0002 carriers=0298 avg_resistant_fraction=0.9716
day=536 susceptible=0002 carriers=0298 avg_resistant_fraction=0.9725
day=537 susceptible=0001 carriers=0299 avg_resistant_fraction=0.9722
day=538 susceptible=0002 carriers=0298 avg_resistant_fraction=0.9707
day=539 susceptible=0003 carriers=0297 avg_resistant_fraction=0.9726
day=540 susceptible=0003 carriers=0297 avg_resistant_fraction=0.9720
day=541 susceptible=0002 carriers=0298 avg_resistant_fraction=0.9729
day=542 susceptible=0001 carriers=0299 avg_resistant_fraction=0.9722
day=543 susceptible=0001 carriers=0299 avg_resistant_fraction=0.9707
day=544 susceptible=0001 carriers=0299 avg_resistant_fraction=0.9736
day=545 susceptible=0001 carriers=0299 avg_resistant_fraction=0.9724
day=546 susceptible=0001 carriers=0299 avg_resistant_fraction=0.9747
day=547 susceptible=0001 carriers=0299 avg_resistant_fraction=0.9742
day=548 susceptible=0001 carriers=0299 avg_resistant_fraction=0.9751
day=549 susceptible=0001 carriers=0299 avg_resistant_fraction=0.9756
day=550 susceptible=0002 carriers=0298 avg_resistant_fraction=0.9748
day=551 susceptible=0001 carriers=0299 avg_resistant_fraction=0.9739
day=552 susceptible=0001 carriers=0299 avg_resistant_fraction=0.9705
day=553 susceptible=0001 carriers=0299 avg_resistant_fraction=0.9716
day=554 susceptible=0001 carriers=0299 avg_resistant_fraction=0.9719
day=555 susceptible=0001 carriers=0299 avg_resistant_fraction=0.9721
day=556 susceptible=0001 carriers=0299 avg_resistant_fraction=0.9709
day=557 susceptible=0001 carriers=0299 avg_resistant_fraction=0.9718
day=558 susceptible=0001 carriers=0299 avg_resistant_fraction=0.9733
day=559 susceptible=0001 carriers=0299 avg_resistant_fraction=0.9735
day=560 susceptible=0001 carriers=0299 avg_resistant_fraction=0.9740
day=561 susceptible=0003 carriers=0297 avg_resistant_fraction=0.9735
day=562 susceptible=0004 carriers=0296 avg_resistant_fraction=0.9740
day=563 susceptible=0005 carriers=0295 avg_resistant_fraction=0.9743
day=564 susceptible=0004 carriers=0296 avg_resistant_fraction=0.9741
day=565 susceptible=0004 carriers=0296 avg_resistant_fraction=0.9741
day=566 susceptible=0005 carriers=0295 avg_resistant_fraction=0.9742
day=567 susceptible=0002 carriers=0298 avg_resistant_fraction=0.9771
day=568 susceptible=0001 carriers=0299 avg_resistant_fraction=0.9774
day=569 susceptible=0001 carriers=0299 avg_resistant_fraction=0.9775
day=570 susceptible=0002 carriers=0298 avg_resistant_fraction=0.9773
day=571 susceptible=0004 carriers=0296 avg_resistant_fraction=0.9803
day=572 susceptible=0002 carriers=0298 avg_resistant_fraction=0.9804
day=573 susceptible=0002 carriers=0298 avg_resistant_fraction=0.9806
day=574 susceptible=0003 carriers=0297 avg_resistant_fraction=0.9806
day=575 susceptible=0004 carriers=0296 avg_resistant_fraction=0.9808
day=576 susceptible=0003 carriers=0297 avg_resistant_fraction=0.9808
day=577 susceptible=0003 carriers=0297 avg_resistant_fraction=0.9807
day=578 susceptible=0004 carriers=0296 avg_resistant_fraction=0.9807
day=579 susceptible=0004 carriers=0296 avg_resistant_fraction=0.9815
day=580 susceptible=0005 carriers=0295 avg_resistant_fraction=0.9817
day=581 susceptible=0004 carriers=0296 avg_resistant_fraction=0.9816
day=582 susceptible=0002 carriers=0298 avg_resistant_fraction=0.9818
day=583 susceptible=0002 carriers=0298 avg_resistant_fraction=0.9817
day=584 susceptible=0002 carriers=0298 avg_resistant_fraction=0.9823
day=585 susceptible=0002 carriers=0298 avg_resistant_fraction=0.9820
day=586 susceptible=0002 carriers=0298 avg_resistant_fraction=0.9826
day=587 susceptible=0002 carriers=0298 avg_resistant_fraction=0.9818
day=588 susceptible=0001 carriers=0299 avg_resistant_fraction=0.9773
day=589 susceptible=0001 carriers=0299 avg_resistant_fraction=0.9768
day=590 susceptible=0000 carriers=0300 avg_resistant_fraction=0.9774
day=591 susceptible=0001 carriers=0299 avg_resistant_fraction=0.9776
day=592 susceptible=0001 carriers=0299 avg_resistant_fraction=0.9779
day=593 susceptible=0001 carriers=0299 avg_resistant_fraction=0.9781
day=594 susceptible=0001 carriers=0299 avg_resistant_fraction=0.9788
day=595 susceptible=0002 carriers=0298 avg_resistant_fraction=0.9791
day=596 susceptible=0002 carriers=0298 avg_resistant_fraction=0.9790
day=597 susceptible=0002 carriers=0298 avg_resistant_fraction=0.9794
day=598 susceptible=0001 carriers=0299 avg_resistant_fraction=0.9794
day=599 susceptible=0002 carriers=0298 avg_resistant_fraction=0.9796
day=600 susceptible=0003 carriers=0297 avg_resistant_fraction=0.9797
day=601 susceptible=0002 carriers=0298 avg_resistant_fraction=0.9797
day=602 susceptible=0002 carriers=0298 avg_resistant_fraction=0.9800
day=603 susceptible=0003 carriers=0297 avg_resistant_fraction=0.9801
day=604 susceptible=0003 carriers=0297 avg_resistant_fraction=0.9803
day=605 susceptible=0003 carriers=0297 avg_resistant_fraction=0.9803
day=606 susceptible=0001 carriers=0299 avg_resistant_fraction=0.9807
day=607 susceptible=0001 carriers=0299 avg_resistant_fraction=0.9809
day=608 susceptible=0001 carriers=0299 avg_resistant_fraction=0.9809
day=609 susceptible=0001 carriers=0299 avg_resistant_fraction=0.9810
day=610 susceptible=0001 carriers=0299 avg_resistant_fraction=0.9809
day=611 susceptible=0001 carriers=0299 avg_resistant_fraction=0.9812
day=612 susceptible=0001 carriers=0299 avg_resistant_fraction=0.9817
day=613 susceptible=0002 carriers=0298 avg_resistant_fraction=0.9815
day=614 susceptible=0001 carriers=0299 avg_resistant_fraction=0.9820
day=615 susceptible=0001 carriers=0299 avg_resistant_fraction=0.9819
day=616 susceptible=0001 carriers=0299 avg_resistant_fraction=0.9821
day=617 susceptible=0001 carriers=0299 avg_resistant_fraction=0.9821
day=618 susceptible=0001 carriers=0299 avg_resistant_fraction=0.9824
day=619 susceptible=0001 carriers=0299 avg_resistant_fraction=0.9830
day=620 susceptible=0001 carriers=0299 avg_resistant_fraction=0.9831
day=621 susceptible=0001 carriers=0299 avg_resistant_fraction=0.9832
day=622 susceptible=0000 carriers=0300 avg_resistant_fraction=0.9803
day=623 susceptible=0000 carriers=0300 avg_resistant_fraction=0.9804
day=624 susceptible=0000 carriers=0300 avg_resistant_fraction=0.9804
day=625 susceptible=0000 carriers=0300 avg_resistant_fraction=0.9815
day=626 susceptible=0000 carriers=0300 avg_resistant_fraction=0.9824
day=627 susceptible=0000 carriers=0300 avg_resistant_fraction=0.9832
day=628 susceptible=0000 carriers=0300 avg_resistant_fraction=0.9833
day=629 susceptible=0001 carriers=0299 avg_resistant_fraction=0.9836
day=630 susceptible=0001 carriers=0299 avg_resistant_fraction=0.9837
day=631 susceptible=0001 carriers=0299 avg_resistant_fraction=0.9838
day=632 susceptible=0000 carriers=0300 avg_resistant_fraction=0.9841
day=633 susceptible=0002 carriers=0298 avg_resistant_fraction=0.9840
day=634 susceptible=0000 carriers=0300 avg_resistant_fraction=0.9814
day=635 susceptible=0000 carriers=0300 avg_resistant_fraction=0.9815
day=636 susceptible=0001 carriers=0299 avg_resistant_fraction=0.9813
day=637 susceptible=0000 carriers=0300 avg_resistant_fraction=0.9812
day=638 susceptible=0000 carriers=0300 avg_resistant_fraction=0.9816
day=639 susceptible=0000 carriers=0300 avg_resistant_fraction=0.9822
day=640 susceptible=0000 carriers=0300 avg_resistant_fraction=0.9826
day=641 susceptible=0000 carriers=0300 avg_resistant_fraction=0.9828
day=642 susceptible=0002 carriers=0298 avg_resistant_fraction=0.9828
day=643 susceptible=0001 carriers=0299 avg_resistant_fraction=0.9830
day=644 susceptible=0001 carriers=0299 avg_resistant_fraction=0.9830
day=645 susceptible=0001 carriers=0299 avg_resistant_fraction=0.9830
day=646 susceptible=0001 carriers=0299 avg_resistant_fraction=0.9831
day=647 susceptible=0002 carriers=0298 avg_resistant_fraction=0.9830
day=648 susceptible=0001 carriers=0299 avg_resistant_fraction=0.9833
day=649 susceptible=0001 carriers=0299 avg_resistant_fraction=0.9825
day=650 susceptible=0001 carriers=0299 avg_resistant_fraction=0.9832
day=651 susceptible=0001 carriers=0299 avg_resistant_fraction=0.9814
day=652 susceptible=0001 carriers=0299 avg_resistant_fraction=0.9841
day=653 susceptible=0001 carriers=0299 avg_resistant_fraction=0.9846
day=654 susceptible=0001 carriers=0299 avg_resistant_fraction=0.9844
day=655 susceptible=0001 carriers=0299 avg_resistant_fraction=0.9845
day=656 susceptible=0001 carriers=0299 avg_resistant_fraction=0.9839
day=657 susceptible=0001 carriers=0299 avg_resistant_fraction=0.9846
day=658 susceptible=0001 carriers=0299 avg_resistant_fraction=0.9854
day=659 susceptible=0000 carriers=0300 avg_resistant_fraction=0.9823
day=660 susceptible=0000 carriers=0300 avg_resistant_fraction=0.9818
day=661 susceptible=0001 carriers=0299 avg_resistant_fraction=0.9821
day=662 susceptible=0000 carriers=0300 avg_resistant_fraction=0.9815
day=663 susceptible=0000 carriers=0300 avg_resistant_fraction=0.9800
day=664 susceptible=0000 carriers=0300 avg_resistant_fraction=0.9784
day=665 susceptible=0001 carriers=0299 avg_resistant_fraction=0.9804
day=666 susceptible=0003 carriers=0297 avg_resistant_fraction=0.9808
day=667 susceptible=0004 carriers=0296 avg_resistant_fraction=0.9815
day=668 susceptible=0004 carriers=0296 avg_resistant_fraction=0.9809
day=669 susceptible=0004 carriers=0296 avg_resistant_fraction=0.9800
day=670 susceptible=0004 carriers=0296 avg_resistant_fraction=0.9800
day=671 susceptible=0004 carriers=0296 avg_resistant_fraction=0.9800
day=672 susceptible=0003 carriers=0297 avg_resistant_fraction=0.9805
day=673 susceptible=0003 carriers=0297 avg_resistant_fraction=0.9802
day=674 susceptible=0002 carriers=0298 avg_resistant_fraction=0.9797
day=675 susceptible=0001 carriers=0299 avg_resistant_fraction=0.9789
day=676 susceptible=0001 carriers=0299 avg_resistant_fraction=0.9782
day=677 susceptible=0001 carriers=0299 avg_resistant_fraction=0.9769
day=678 susceptible=0001 carriers=0299 avg_resistant_fraction=0.9770
day=679 susceptible=0002 carriers=0298 avg_resistant_fraction=0.9771
day=680 susceptible=0002 carriers=0298 avg_resistant_fraction=0.9800
day=681 susceptible=0002 carriers=0298 avg_resistant_fraction=0.9802
day=682 susceptible=0002 carriers=0298 avg_resistant_fraction=0.9785
day=683 susceptible=0003 carriers=0297 avg_resistant_fraction=0.9806
day=684 susceptible=0002 carriers=0298 avg_resistant_fraction=0.9805
day=685 susceptible=0002 carriers=0298 avg_resistant_fraction=0.9807
day=686 susceptible=0002 carriers=0298 avg_resistant_fraction=0.9805
day=687 susceptible=0001 carriers=0299 avg_resistant_fraction=0.9805
day=688 susceptible=0001 carriers=0299 avg_resistant_fraction=0.9805
day=689 susceptible=0001 carriers=0299 avg_resistant_fraction=0.9807
day=690 susceptible=0001 carriers=0299 avg_resistant_fraction=0.9811
day=691 susceptible=0001 carriers=0299 avg_resistant_fraction=0.9809
day=692 susceptible=0001 carriers=0299 avg_resistant_fraction=0.9803
day=693 susceptible=0002 carriers=0298 avg_resistant_fraction=0.9818
day=694 susceptible=0002 carriers=0298 avg_resistant_fraction=0.9821
day=695 susceptible=0001 carriers=0299 avg_resistant_fraction=0.9820
day=696 susceptible=0002 carriers=0298 avg_resistant_fraction=0.9804
day=697 susceptible=0001 carriers=0299 avg_resistant_fraction=0.9792
day=698 susceptible=0000 carriers=0300 avg_resistant_fraction=0.9789
day=699 susceptible=0000 carriers=0300 avg_resistant_fraction=0.9789
day=700 susceptible=0000 carriers=0300 avg_resistant_fraction=0.9788
day=701 susceptible=0001 carriers=0299 avg_resistant_fraction=0.9786
day=702 susceptible=0001 carriers=0299 avg_resistant_fraction=0.9790
day=703 susceptible=0002 carriers=0298 avg_resistant_fraction=0.9788
day=704 susceptible=0003 carriers=0297 avg_resistant_fraction=0.9781
day=705 susceptible=0005 carriers=0295 avg_resistant_fraction=0.9784
day=706 susceptible=0005 carriers=0295 avg_resistant_fraction=0.9787
day=707 susceptible=0004 carriers=0296 avg_resistant_fraction=0.9787
day=708 susceptible=0003 carriers=0297 avg_resistant_fraction=0.9786
day=709 susceptible=0003 carriers=0297 avg_resistant_fraction=0.9785
day=710 susceptible=0003 carriers=0297 avg_resistant_fraction=0.9788
day=711 susceptible=0004 carriers=0296 avg_resistant_fraction=0.9788
day=712 susceptible=0003 carriers=0297 avg_resistant_fraction=0.9795
day=713 susceptible=0003 carriers=0297 avg_resistant_fraction=0.9790
day=714 susceptible=0002 carriers=0298 avg_resistant_fraction=0.9762
day=715 susceptible=0002 carriers=0298 avg_resistant_fraction=0.9757
day=716 susceptible=0002 carriers=0298 avg_resistant_fraction=0.9759
day=717 susceptible=0001 carriers=0299 avg_resistant_fraction=0.9759
day=718 susceptible=0001 carriers=0299 avg_resistant_fraction=0.9762
day=719 susceptible=0001 carriers=0299 avg_resistant_fraction=0.9762
day=720 susceptible=0001 carriers=0299 avg_resistant_fraction=0.9761
day=721 susceptible=0002 carriers=0298 avg_resistant_fraction=0.9763
day=722 susceptible=0002 carriers=0298 avg_resistant_fraction=0.9763
day=723 susceptible=0001 carriers=0299 avg_resistant_fraction=0.9763
day=724 susceptible=0001 carriers=0299 avg_resistant_fraction=0.9764
day=725 susceptible=0001 carriers=0299 avg_resistant_fraction=0.9765
day=726 susceptible=0001 carriers=0299 avg_resistant_fraction=0.9765
day=727 susceptible=0001 carriers=0299 avg_resistant_fraction=0.9765
day=728 susceptible=0001 carriers=0299 avg_resistant_fraction=0.9765
day=729 susceptible=0000 carriers=0300 avg_resistant_fraction=0.9764
day=730 susceptible=0000 carriers=0300 avg_resistant_fraction=0.9758
day=731 susceptible=0000 carriers=0300 avg_resistant_fraction=0.9744
day=732 susceptible=0000 carriers=0300 avg_resistant_fraction=0.9736
day=733 susceptible=0000 carriers=0300 avg_resistant_fraction=0.9736
day=734 susceptible=0001 carriers=0299 avg_resistant_fraction=0.9766
day=735 susceptible=0001 carriers=0299 avg_resistant_fraction=0.9766
day=736 susceptible=0000 carriers=0300 avg_resistant_fraction=0.9767
day=737 susceptible=0000 carriers=0300 avg_resistant_fraction=0.9767
day=738 susceptible=0000 carriers=0300 avg_resistant_fraction=0.9767
day=739 susceptible=0000 carriers=0300 avg_resistant_fraction=0.9767
day=740 susceptible=0000 carriers=0300 avg_resistant_fraction=0.9767
day=741 susceptible=0000 carriers=0300 avg_resistant_fraction=0.9767
day=742 susceptible=0000 carriers=0300 avg_resistant_fraction=0.9767
day=743 susceptible=0000 carriers=0300 avg_resistant_fraction=0.9767
day=744 susceptible=0000 carriers=0300 avg_resistant_fraction=0.9767
day=745 susceptible=0000 carriers=0300 avg_resistant_fraction=0.9767
day=746 susceptible=0000 carriers=0300 avg_resistant_fraction=0.9767
day=747 susceptible=0000 carriers=0300 avg_resistant_fraction=0.9767
day=748 susceptible=0001 carriers=0299 avg_resistant_fraction=0.9766
day=749 susceptible=0001 carriers=0299 avg_resistant_fraction=0.9766
day=750 susceptible=0001 carriers=0299 avg_resistant_fraction=0.9766
day=751 susceptible=0001 carriers=0299 avg_resistant_fraction=0.9766
day=752 susceptible=0002 carriers=0298 avg_resistant_fraction=0.9765
day=753 susceptible=0002 carriers=0298 avg_resistant_fraction=0.9765
day=754 susceptible=0001 carriers=0299 avg_resistant_fraction=0.9766
day=755 susceptible=0000 carriers=0300 avg_resistant_fraction=0.9767
day=756 susceptible=0002 carriers=0298 avg_resistant_fraction=0.9766
day=757 susceptible=0002 carriers=0298 avg_resistant_fraction=0.9766
day=758 susceptible=0002 carriers=0298 avg_resistant_fraction=0.9766
day=759 susceptible=0002 carriers=0298 avg_resistant_fraction=0.9766
day=760 susceptible=0001 carriers=0299 avg_resistant_fraction=0.9768
day=761 susceptible=0001 carriers=0299 avg_resistant_fraction=0.9768
day=762 susceptible=0001 carriers=0299 avg_resistant_fraction=0.9768
day=763 susceptible=0001 carriers=0299 avg_resistant_fraction=0.9768
day=764 susceptible=0001 carriers=0299 avg_resistant_fraction=0.9768
day=765 susceptible=0001 carriers=0299 avg_resistant_fraction=0.9770
day=766 susceptible=0001 carriers=0299 avg_resistant_fraction=0.9763
day=767 susceptible=0001 carriers=0299 avg_resistant_fraction=0.9767
day=768 susceptible=0000 carriers=0300 avg_resistant_fraction=0.9755
day=769 susceptible=0001 carriers=0299 avg_resistant_fraction=0.9745
day=770 susceptible=0001 carriers=0299 avg_resistant_fraction=0.9743
day=771 susceptible=0001 carriers=0299 avg_resistant_fraction=0.9745
day=772 susceptible=0000 carriers=0300 avg_resistant_fraction=0.9744
day=773 susceptible=0000 carriers=0300 avg_resistant_fraction=0.9735
day=774 susceptible=0000 carriers=0300 avg_resistant_fraction=0.9754
day=775 susceptible=0001 carriers=0299 avg_resistant_fraction=0.9750
day=776 susceptible=0002 carriers=0298 avg_resistant_fraction=0.9747
day=777 susceptible=0003 carriers=0297 avg_resistant_fraction=0.9746
day=778 susceptible=0002 carriers=0298 avg_resistant_fraction=0.9745
day=779 susceptible=0002 carriers=0298 avg_resistant_fraction=0.9746
day=780 susceptible=0003 carriers=0297 avg_resistant_fraction=0.9744
day=781 susceptible=0003 carriers=0297 avg_resistant_fraction=0.9743
day=782 susceptible=0002 carriers=0298 avg_resistant_fraction=0.9739
day=783 susceptible=0002 carriers=0298 avg_resistant_fraction=0.9735
day=784 susceptible=0002 carriers=0298 avg_resistant_fraction=0.9741
day=785 susceptible=0002 carriers=0298 avg_resistant_fraction=0.9740
day=786 susceptible=0002 carriers=0298 avg_resistant_fraction=0.9738
day=787 susceptible=0000 carriers=0300 avg_resistant_fraction=0.9742
day=788 susceptible=0000 carriers=0300 avg_resistant_fraction=0.9743
day=789 susceptible=0000 carriers=0300 avg_resistant_fraction=0.9745
day=790 susceptible=0001 carriers=0299 avg_resistant_fraction=0.9746
day=791 susceptible=0001 carriers=0299 avg_resistant_fraction=0.9747
day=792 susceptible=0002 carriers=0298 avg_resistant_fraction=0.9746
day=793 susceptible=0002 carriers=0298 avg_resistant_fraction=0.9745
day=794 susceptible=0001 carriers=0299 avg_resistant_fraction=0.9746
day=795 susceptible=0001 carriers=0299 avg_resistant_fraction=0.9745
day=796 susceptible=0000 carriers=0300 avg_resistant_fraction=0.9716
day=797 susceptible=0000 carriers=0300 avg_resistant_fraction=0.9711
day=798 susceptible=0000 carriers=0300 avg_resistant_fraction=0.9711
day=799 susceptible=0000 carriers=0300 avg_resistant_fraction=0.9711
day=800 susceptible=0000 carriers=0300 avg_resistant_fraction=0.9712
day=801 susceptible=0001 carriers=0299 avg_resistant_fraction=0.9710
day=802 susceptible=0001 carriers=0299 avg_resistant_fraction=0.9710
day=803 susceptible=0001 carriers=0299 avg_resistant_fraction=0.9710
day=804 susceptible=0003 carriers=0297 avg_resistant_fraction=0.9709
day=805 susceptible=0003 carriers=0297 avg_resistant_fraction=0.9712
day=806 susceptible=0004 carriers=0296 avg_resistant_fraction=0.9714
day=807 susceptible=0004 carriers=0296 avg_resistant_fraction=0.9713
day=808 susceptible=0004 carriers=0296 avg_resistant_fraction=0.9715
day=809 susceptible=0003 carriers=0297 avg_resistant_fraction=0.9708
day=810 susceptible=0003 carriers=0297 avg_resistant_fraction=0.9686
day=811 susceptible=0002 carriers=0298 avg_resistant_fraction=0.9662
day=812 susceptible=0003 carriers=0297 avg_resistant_fraction=0.9659
day=813 susceptible=0003 carriers=0297 avg_resistant_fraction=0.9657
day=814 susceptible=0003 carriers=0297 avg_resistant_fraction=0.9659
day=815 susceptible=0003 carriers=0297 avg_resistant_fraction=0.9668
day=816 susceptible=0003 carriers=0297 avg_resistant_fraction=0.9661
day=817 susceptible=0003 carriers=0297 avg_resistant_fraction=0.9661
day=818 susceptible=0003 carriers=0297 avg_resistant_fraction=0.9660
day=819 susceptible=0003 carriers=0297 avg_resistant_fraction=0.9660
day=820 susceptible=0003 carriers=0297 avg_resistant_fraction=0.9658
day=821 susceptible=0003 carriers=0297 avg_resistant_fraction=0.9659
day=822 susceptible=0003 carriers=0297 avg_resistant_fraction=0.9663
day=823 susceptible=0003 carriers=0297 avg_resistant_fraction=0.9665
day=824 susceptible=0003 carriers=0297 avg_resistant_fraction=0.9664
day=825 susceptible=0003 carriers=0297 avg_resistant_fraction=0.9664
day=826 susceptible=0003 carriers=0297 avg_resistant_fraction=0.9665
day=827 susceptible=0002 carriers=0298 avg_resistant_fraction=0.9664
day=828 susceptible=0001 carriers=0299 avg_resistant_fraction=0.9651
day=829 susceptible=0001 carriers=0299 avg_resistant_fraction=0.9670
day=830 susceptible=0001 carriers=0299 avg_resistant_fraction=0.9674
day=831 susceptible=0002 carriers=0298 avg_resistant_fraction=0.9655
day=832 susceptible=0002 carriers=0298 avg_resistant_fraction=0.9670
day=833 susceptible=0002 carriers=0298 avg_resistant_fraction=0.9664INFO:    Terminating squashfuse_ll after timeout
INFO:    Timeouts can be caused by a running background process
slurmstepd: error: Detected 1 oom_kill event in StepId=6154.batch. Some of the step tasks have been OOM Killed.
